../Core/Src/main.c:37:6:wave_initializer	24	static
../Core/Src/main.c:91:5:main	8	static
../Core/Src/main.c:156:6:SystemClock_Config	96	static
../Core/Src/main.c:207:13:MX_DAC1_Init	48	static
../Core/Src/main.c:251:13:MX_TIM2_Init	40	static
../Core/Src/main.c:294:13:MX_DMA_Init	16	static
../Core/Src/main.c:313:13:MX_GPIO_Init	40	static
../Core/Src/main.c:349:6:HAL_TIM_PeriodElapsedCallback	16	static
../Core/Src/main.c:356:6:HAL_GPIO_EXTI_Callback	24	static
../Core/Src/main.c:394:6:Error_Handler	4	static,ignoring_inline_asm
