Archive member included to satisfy reference by file (symbol)

C:/ST/STM32CubeIDE_1.15.0/STM32CubeIDE/plugins/com.st.stm32cube.ide.mcu.externaltools.gnu-tools-for-stm32.12.3.rel1.win32_1.0.100.202403111256/tools/bin/../lib/gcc/arm-none-eabi/12.3.1/../../../../arm-none-eabi/lib/thumb/v7e-m+fp/hard\libc_nano.a(libc_a-exit.o)
                              C:/ST/STM32CubeIDE_1.15.0/STM32CubeIDE/plugins/com.st.stm32cube.ide.mcu.externaltools.gnu-tools-for-stm32.12.3.rel1.win32_1.0.100.202403111256/tools/bin/../lib/gcc/arm-none-eabi/12.3.1/../../../../arm-none-eabi/lib/thumb/v7e-m+fp/hard/crt0.o (exit)
C:/ST/STM32CubeIDE_1.15.0/STM32CubeIDE/plugins/com.st.stm32cube.ide.mcu.externaltools.gnu-tools-for-stm32.12.3.rel1.win32_1.0.100.202403111256/tools/bin/../lib/gcc/arm-none-eabi/12.3.1/../../../../arm-none-eabi/lib/thumb/v7e-m+fp/hard\libc_nano.a(libc_a-findfp.o)
                              C:/ST/STM32CubeIDE_1.15.0/STM32CubeIDE/plugins/com.st.stm32cube.ide.mcu.externaltools.gnu-tools-for-stm32.12.3.rel1.win32_1.0.100.202403111256/tools/bin/../lib/gcc/arm-none-eabi/12.3.1/../../../../arm-none-eabi/lib/thumb/v7e-m+fp/hard\libc_nano.a(libc_a-exit.o) (__stdio_exit_handler)
C:/ST/STM32CubeIDE_1.15.0/STM32CubeIDE/plugins/com.st.stm32cube.ide.mcu.externaltools.gnu-tools-for-stm32.12.3.rel1.win32_1.0.100.202403111256/tools/bin/../lib/gcc/arm-none-eabi/12.3.1/../../../../arm-none-eabi/lib/thumb/v7e-m+fp/hard\libc_nano.a(libc_a-fwalk.o)
                              C:/ST/STM32CubeIDE_1.15.0/STM32CubeIDE/plugins/com.st.stm32cube.ide.mcu.externaltools.gnu-tools-for-stm32.12.3.rel1.win32_1.0.100.202403111256/tools/bin/../lib/gcc/arm-none-eabi/12.3.1/../../../../arm-none-eabi/lib/thumb/v7e-m+fp/hard\libc_nano.a(libc_a-findfp.o) (_fwalk_sglue)
C:/ST/STM32CubeIDE_1.15.0/STM32CubeIDE/plugins/com.st.stm32cube.ide.mcu.externaltools.gnu-tools-for-stm32.12.3.rel1.win32_1.0.100.202403111256/tools/bin/../lib/gcc/arm-none-eabi/12.3.1/../../../../arm-none-eabi/lib/thumb/v7e-m+fp/hard\libc_nano.a(libc_a-printf.o)
                              ./Core/Src/main.o (printf)
C:/ST/STM32CubeIDE_1.15.0/STM32CubeIDE/plugins/com.st.stm32cube.ide.mcu.externaltools.gnu-tools-for-stm32.12.3.rel1.win32_1.0.100.202403111256/tools/bin/../lib/gcc/arm-none-eabi/12.3.1/../../../../arm-none-eabi/lib/thumb/v7e-m+fp/hard\libc_nano.a(libc_a-snprintf.o)
                              ./Core/Src/main.o (snprintf)
C:/ST/STM32CubeIDE_1.15.0/STM32CubeIDE/plugins/com.st.stm32cube.ide.mcu.externaltools.gnu-tools-for-stm32.12.3.rel1.win32_1.0.100.202403111256/tools/bin/../lib/gcc/arm-none-eabi/12.3.1/../../../../arm-none-eabi/lib/thumb/v7e-m+fp/hard\libc_nano.a(libc_a-stdio.o)
                              C:/ST/STM32CubeIDE_1.15.0/STM32CubeIDE/plugins/com.st.stm32cube.ide.mcu.externaltools.gnu-tools-for-stm32.12.3.rel1.win32_1.0.100.202403111256/tools/bin/../lib/gcc/arm-none-eabi/12.3.1/../../../../arm-none-eabi/lib/thumb/v7e-m+fp/hard\libc_nano.a(libc_a-findfp.o) (__sread)
C:/ST/STM32CubeIDE_1.15.0/STM32CubeIDE/plugins/com.st.stm32cube.ide.mcu.externaltools.gnu-tools-for-stm32.12.3.rel1.win32_1.0.100.202403111256/tools/bin/../lib/gcc/arm-none-eabi/12.3.1/../../../../arm-none-eabi/lib/thumb/v7e-m+fp/hard\libc_nano.a(libc_a-memset.o)
                              C:/ST/STM32CubeIDE_1.15.0/STM32CubeIDE/plugins/com.st.stm32cube.ide.mcu.externaltools.gnu-tools-for-stm32.12.3.rel1.win32_1.0.100.202403111256/tools/bin/../lib/gcc/arm-none-eabi/12.3.1/../../../../arm-none-eabi/lib/thumb/v7e-m+fp/hard/crt0.o (memset)
C:/ST/STM32CubeIDE_1.15.0/STM32CubeIDE/plugins/com.st.stm32cube.ide.mcu.externaltools.gnu-tools-for-stm32.12.3.rel1.win32_1.0.100.202403111256/tools/bin/../lib/gcc/arm-none-eabi/12.3.1/../../../../arm-none-eabi/lib/thumb/v7e-m+fp/hard\libc_nano.a(libc_a-closer.o)
                              C:/ST/STM32CubeIDE_1.15.0/STM32CubeIDE/plugins/com.st.stm32cube.ide.mcu.externaltools.gnu-tools-for-stm32.12.3.rel1.win32_1.0.100.202403111256/tools/bin/../lib/gcc/arm-none-eabi/12.3.1/../../../../arm-none-eabi/lib/thumb/v7e-m+fp/hard\libc_nano.a(libc_a-stdio.o) (_close_r)
C:/ST/STM32CubeIDE_1.15.0/STM32CubeIDE/plugins/com.st.stm32cube.ide.mcu.externaltools.gnu-tools-for-stm32.12.3.rel1.win32_1.0.100.202403111256/tools/bin/../lib/gcc/arm-none-eabi/12.3.1/../../../../arm-none-eabi/lib/thumb/v7e-m+fp/hard\libc_nano.a(libc_a-reent.o)
                              C:/ST/STM32CubeIDE_1.15.0/STM32CubeIDE/plugins/com.st.stm32cube.ide.mcu.externaltools.gnu-tools-for-stm32.12.3.rel1.win32_1.0.100.202403111256/tools/bin/../lib/gcc/arm-none-eabi/12.3.1/../../../../arm-none-eabi/lib/thumb/v7e-m+fp/hard\libc_nano.a(libc_a-closer.o) (errno)
C:/ST/STM32CubeIDE_1.15.0/STM32CubeIDE/plugins/com.st.stm32cube.ide.mcu.externaltools.gnu-tools-for-stm32.12.3.rel1.win32_1.0.100.202403111256/tools/bin/../lib/gcc/arm-none-eabi/12.3.1/../../../../arm-none-eabi/lib/thumb/v7e-m+fp/hard\libc_nano.a(libc_a-impure.o)
[...]
Memory Configuration

Name             Origin             Length             Attributes
RAM              0x20000000         0x000a0000         xrw
RAM2             0x10000000         0x00010000         xrw
RAM3             0x20040000         0x00060000         xrw
FLASH            0x08000000         0x00200000         xr
*default*        0x00000000         0xffffffff

Linker script and memory map

LOAD C:/ST/STM32CubeIDE_1.15.0/STM32CubeIDE/plugins/com.st.stm32cube.ide.mcu.externaltools.gnu-tools-for-stm32.12.3.rel1.win32_1.0.100.202403111256/tools/bin/../lib/gcc/arm-none-eabi/12.3.1/thumb/v7e-m+fp/hard/crti.o
LOAD C:/ST/STM32CubeIDE_1.15.0/STM32CubeIDE/plugins/com.st.stm32cube.ide.mcu.externaltools.gnu-tools-for-stm32.12.3.rel1.win32_1.0.100.202403111256/tools/bin/../lib/gcc/arm-none-eabi/12.3.1/thumb/v7e-m+fp/hard/crtbegin.o
LOAD C:/ST/STM32CubeIDE_1.15.0/STM32CubeIDE/plugins/com.st.stm32cube.ide.mcu.externaltools.gnu-tools-for-stm32.12.3.rel1.win32_1.0.100.202403111256/tools/bin/../lib/gcc/arm-none-eabi/12.3.1/../../../../arm-none-eabi/lib/thumb/v7e-m+fp/hard/crt0.o
LOAD ./Core/Src/freertos.o
LOAD ./Core/Src/main.o
LOAD ./Core/Src/stm32l4xx_hal_msp.o
LOAD ./Core/Src/stm32l4xx_hal_timebase_tim.o
LOAD ./Core/Src/stm32l4xx_it.o
LOAD ./Core/Src/syscalls.o
LOAD ./Core/Src/sysmem.o
LOAD ./Core/Src/system_stm32l4xx.o
LOAD ./Core/Startup/startup_stm32l4s5vitx.o
LOAD ./Drivers/BSP/B-L4S5I-IOT01/stm32l4s5i_iot01.o
LOAD ./Drivers/BSP/B-L4S5I-IOT01/stm32l4s5i_iot01_accelero.o
LOAD ./Drivers/BSP/B-L4S5I-IOT01/stm32l4s5i_iot01_gyro.o
LOAD ./Drivers/BSP/B-L4S5I-IOT01/stm32l4s5i_iot01_hsensor.o
LOAD ./Drivers/BSP/B-L4S5I-IOT01/stm32l4s5i_iot01_magneto.o
LOAD ./Drivers/BSP/B-L4S5I-IOT01/stm32l4s5i_iot01_psensor.o
LOAD ./Drivers/BSP/B-L4S5I-IOT01/stm32l4s5i_iot01_tsensor.o
LOAD ./Drivers/BSP/Components/cs42l51/cs42l51.o
LOAD ./Drivers/BSP/Components/cs43l22/cs43l22.o
LOAD ./Drivers/BSP/Components/cy8c4014lqi/cy8c4014lqi.o
LOAD ./Drivers/BSP/Components/ft3x67/ft3x67.o
LOAD ./Drivers/BSP/Components/ft5336/ft5336.o
LOAD ./Drivers/BSP/Components/ft6x06/ft6x06.o
LOAD ./Drivers/BSP/Components/hts221/hts221.o
LOAD ./Drivers/BSP/Components/hx8347g/hx8347g.o
LOAD ./Drivers/BSP/Components/hx8347i/hx8347i.o
LOAD ./Drivers/BSP/Components/l3gd20/l3gd20.o
LOAD ./Drivers/BSP/Components/lis3mdl/lis3mdl.o
LOAD ./Drivers/BSP/Components/lps22hb/lps22hb.o
LOAD ./Drivers/BSP/Components/ls016b8uy/ls016b8uy.o
LOAD ./Drivers/BSP/Components/lsm303c/lsm303c.o
LOAD ./Drivers/BSP/Components/lsm303dlhc/lsm303dlhc.o
LOAD ./Drivers/BSP/Components/lsm6dsl/lsm6dsl.o
LOAD ./Drivers/BSP/Components/m24sr/m24sr.o
LOAD ./Drivers/BSP/Components/mfxstm32l152/mfxstm32l152.o
LOAD ./Drivers/BSP/Components/ov9655/ov9655.o
LOAD ./Drivers/BSP/Components/st25dv/st25dv.o
LOAD ./Drivers/BSP/Components/st25dv/st25dv_reg.o
LOAD ./Drivers/BSP/Components/st7735/st7735.o
LOAD ./Drivers/BSP/Components/st7789h2/st7789h2.o
LOAD ./Drivers/BSP/Components/stmpe1600/stmpe1600.o
LOAD ./Drivers/BSP/Components/stmpe811/stmpe811.o
LOAD ./Drivers/BSP/Components/wm8994/wm8994.o
LOAD ./Drivers/STM32L4xx_HAL_Driver/Src/stm32l4xx_hal.o
LOAD ./Drivers/STM32L4xx_HAL_Driver/Src/stm32l4xx_hal_cortex.o
LOAD ./Drivers/STM32L4xx_HAL_Driver/Src/stm32l4xx_hal_dma.o
LOAD ./Drivers/STM32L4xx_HAL_Driver/Src/stm32l4xx_hal_dma_ex.o
LOAD ./Drivers/STM32L4xx_HAL_Driver/Src/stm32l4xx_hal_exti.o
LOAD ./Drivers/STM32L4xx_HAL_Driver/Src/stm32l4xx_hal_flash.o
LOAD ./Drivers/STM32L4xx_HAL_Driver/Src/stm32l4xx_hal_flash_ex.o
LOAD ./Drivers/STM32L4xx_HAL_Driver/Src/stm32l4xx_hal_flash_ramfunc.o
LOAD ./Drivers/STM32L4xx_HAL_Driver/Src/stm32l4xx_hal_gpio.o
LOAD ./Drivers/STM32L4xx_HAL_Driver/Src/stm32l4xx_hal_i2c.o
LOAD ./Drivers/STM32L4xx_HAL_Driver/Src/stm32l4xx_hal_i2c_ex.o
LOAD ./Drivers/STM32L4xx_HAL_Driver/Src/stm32l4xx_hal_pwr.o
LOAD ./Drivers/STM32L4xx_HAL_Driver/Src/stm32l4xx_hal_pwr_ex.o
LOAD ./Drivers/STM32L4xx_HAL_Driver/Src/stm32l4xx_hal_rcc.o
LOAD ./Drivers/STM32L4xx_HAL_Driver/Src/stm32l4xx_hal_rcc_ex.o
LOAD ./Drivers/STM32L4xx_HAL_Driver/Src/stm32l4xx_hal_tim.o
LOAD ./Drivers/STM32L4xx_HAL_Driver/Src/stm32l4xx_hal_tim_ex.o
LOAD ./Drivers/STM32L4xx_HAL_Driver/Src/stm32l4xx_hal_uart.o
LOAD ./Drivers/STM32L4xx_HAL_Driver/Src/stm32l4xx_hal_uart_ex.o
LOAD ./Middlewares/Third_Party/FreeRTOS/Source/CMSIS_RTOS/cmsis_os.o
LOAD ./Middlewares/Third_Party/FreeRTOS/Source/croutine.o
LOAD ./Middlewares/Third_Party/FreeRTOS/Source/event_groups.o
LOAD ./Middlewares/Third_Party/FreeRTOS/Source/list.o
LOAD ./Middlewares/Third_Party/FreeRTOS/Source/queue.o
LOAD ./Middlewares/Third_Party/FreeRTOS/Source/stream_buffer.o
LOAD ./Middlewares/Third_Party/FreeRTOS/Source/tasks.o
LOAD ./Middlewares/Third_Party/FreeRTOS/Source/timers.o
LOAD ./Middlewares/Third_Party/FreeRTOS/Source/portable/GCC/ARM_CM4F/port.o
LOAD ./Middlewares/Third_Party/FreeRTOS/Source/portable/MemMang/heap_4.o
START GROUP
LOAD C:/ST/STM32CubeIDE_1.15.0/STM32CubeIDE/plugins/com.st.stm32cube.ide.mcu.externaltools.gnu-tools-for-stm32.12.3.rel1.win32_1.0.100.202403111256/tools/bin/../lib/gcc/arm-none-eabi/12.3.1/../../../../arm-none-eabi/lib/thumb/v7e-m+fp/hard\libc_nano.a
LOAD C:/ST/STM32CubeIDE_1.15.0/STM32CubeIDE/plugins/com.st.stm32cube.ide.mcu.externaltools.gnu-tools-for-stm32.12.3.rel1.win32_1.0.100.202403111256/tools/bin/../lib/gcc/arm-none-eabi/12.3.1/../../../../arm-none-eabi/lib/thumb/v7e-m+fp/hard\libm.a
END GROUP
START GROUP
LOAD C:/ST/STM32CubeIDE_1.15.0/STM32CubeIDE/plugins/com.st.stm32cube.ide.mcu.externaltools.gnu-tools-for-stm32.12.3.rel1.win32_1.0.100.202403111256/tools/bin/../lib/gcc/arm-none-eabi/12.3.1/thumb/v7e-m+fp/hard\libgcc.a
LOAD C:/ST/STM32CubeIDE_1.15.0/STM32CubeIDE/plugins/com.st.stm32cube.ide.mcu.externaltools.gnu-tools-for-stm32.12.3.rel1.win32_1.0.100.202403111256/tools/bin/../lib/gcc/arm-none-eabi/12.3.1/../../../../arm-none-eabi/lib/thumb/v7e-m+fp/hard\libc_nano.a
END GROUP
START GROUP
LOAD C:/ST/STM32CubeIDE_1.15.0/STM32CubeIDE/plugins/com.st.stm32cube.ide.mcu.externaltools.gnu-tools-for-stm32.12.3.rel1.win32_1.0.100.202403111256/tools/bin/../lib/gcc/arm-none-eabi/12.3.1/thumb/v7e-m+fp/hard\libgcc.a
LOAD C:/ST/STM32CubeIDE_1.15.0/STM32CubeIDE/plugins/com.st.stm32cube.ide.mcu.externaltools.gnu-tools-for-stm32.12.3.rel1.win32_1.0.100.202403111256/tools/bin/../lib/gcc/arm-none-eabi/12.3.1/../../../../arm-none-eabi/lib/thumb/v7e-m+fp/hard\libc_nano.a
LOAD C:/ST/STM32CubeIDE_1.15.0/STM32CubeIDE/plugins/com.st.stm32cube.ide.mcu.externaltools.gnu-tools-for-stm32.12.3.rel1.win32_1.0.100.202403111256/tools/bin/../lib/gcc/arm-none-eabi/12.3.1/../../../../arm-none-eabi/lib/thumb/v7e-m+fp/hard\libnosys.a
END GROUP
START GROUP
LOAD C:/ST/STM32CubeIDE_1.15.0/STM32CubeIDE/plugins/com.st.stm32cube.ide.mcu.externaltools.gnu-tools-for-stm32.12.3.rel1.win32_1.0.100.202403111256/tools/bin/../lib/gcc/arm-none-eabi/12.3.1/thumb/v7e-m+fp/hard\libgcc.a
LOAD C:/ST/STM32CubeIDE_1.15.0/STM32CubeIDE/plugins/com.st.stm32cube.ide.mcu.externaltools.gnu-tools-for-stm32.12.3.rel1.win32_1.0.100.202403111256/tools/bin/../lib/gcc/arm-none-eabi/12.3.1/../../../../arm-none-eabi/lib/thumb/v7e-m+fp/hard\libc_nano.a
LOAD C:/ST/STM32CubeIDE_1.15.0/STM32CubeIDE/plugins/com.st.stm32cube.ide.mcu.externaltools.gnu-tools-for-stm32.12.3.rel1.win32_1.0.100.202403111256/tools/bin/../lib/gcc/arm-none-eabi/12.3.1/../../../../arm-none-eabi/lib/thumb/v7e-m+fp/hard\libnosys.a
END GROUP
LOAD C:/ST/STM32CubeIDE_1.15.0/STM32CubeIDE/plugins/com.st.stm32cube.ide.mcu.externaltools.gnu-tools-for-stm32.12.3.rel1.win32_1.0.100.202403111256/tools/bin/../lib/gcc/arm-none-eabi/12.3.1/thumb/v7e-m+fp/hard/crtend.o
LOAD C:/ST/STM32CubeIDE_1.15.0/STM32CubeIDE/plugins/com.st.stm32cube.ide.mcu.externaltools.gnu-tools-for-stm32.12.3.rel1.win32_1.0.100.202403111256/tools/bin/../lib/gcc/arm-none-eabi/12.3.1/thumb/v7e-m+fp/hard/crtn.o
                0x200a0000                        _estack = (ORIGIN (RAM) + LENGTH (RAM))
                0x00000200                        _Min_Heap_Size = 0x200
                0x00000400                        _Min_Stack_Size = 0x400

.isr_vector     0x08000000      0x1bc
                0x08000000                        . = ALIGN (0x4)
 *(.isr_vector)
 .isr_vector    0x08000000      0x1bc ./Core/Startup/startup_stm32l4s5vitx.o
                0x08000000                g_pfnVectors
                0x080001bc                        . = ALIGN (0x4)

.text           0x080001c0     0x8a60
                0x080001c0                        . = ALIGN (0x4)
 *(.text)
 .text          0x080001c0       0x40 C:/ST/STM32CubeIDE_1.15.0/STM32CubeIDE/plugins/com.st.stm32cube.ide.mcu.externaltools.gnu-tools-for-stm32.12.3.rel1.win32_1.0.100.202403111256/tools/bin/../lib/gcc/arm-none-eabi/12.3.1/thumb/v7e-m+fp/hard/crtbegin.o
 .text          0x08000200       0xa0 C:/ST/STM32CubeIDE_1.15.0/STM32CubeIDE/plugins/com.st.stm32cube.ide.mcu.externaltools.gnu-tools-for-stm32.12.3.rel1.win32_1.0.100.202403111256/tools/bin/../lib/gcc/arm-none-eabi/12.3.1/../../../../arm-none-eabi/lib/thumb/v7e-m+fp/hard\libc_nano.a(libc_a-memchr.o)
                0x08000200                memchr
 .text          0x080002a0       0x30 C:/ST/STM32CubeIDE_1.15.0/STM32CubeIDE/plugins/com.st.stm32cube.ide.mcu.externaltools.gnu-tools-for-stm32.12.3.rel1.win32_1.0.100.202403111256/tools/bin/../lib/gcc/arm-none-eabi/12.3.1/thumb/v7e-m+fp/hard\libgcc.a(_aeabi_uldivmod.o)
                0x080002a0                __aeabi_uldivmod
 .text          0x080002d0      0x2bc C:/ST/STM32CubeIDE_1.15.0/STM32CubeIDE/plugins/com.st.stm32cube.ide.mcu.externaltools.gnu-tools-for-stm32.12.3.rel1.win32_1.0.100.202403111256/tools/bin/../lib/gcc/arm-none-eabi/12.3.1/thumb/v7e-m+fp/hard\libgcc.a(_udivmoddi4.o)
                0x080002d0                __udivmoddi4
 .text          0x0800058c        0x4 C:/ST/STM32CubeIDE_1.15.0/STM32CubeIDE/plugins/com.st.stm32cube.ide.mcu.externaltools.gnu-tools-for-stm32.12.3.rel1.win32_1.0.100.202403111256/tools/bin/../lib/gcc/arm-none-eabi/12.3.1/thumb/v7e-m+fp/hard\libgcc.a(_dvmd_tls.o)
                0x0800058c                __aeabi_idiv0
                0x0800058c                __aeabi_ldiv0
 *(.text*)
 .text.vApplicationGetIdleTaskMemory
                0x08000590       0x34 ./Core/Src/freertos.o
                0x08000590                vApplicationGetIdleTaskMemory
 .text.__io_putchar
                0x080005c4       0x24 ./Core/Src/main.o
                0x080005c4                __io_putchar
 .text.Button_Click_Poll
                0x080005e8       0xf4 ./Core/Src/main.o
                0x080005e8                Button_Click_Poll
 .text.Flag_Reset
                0x080006dc       0x28 ./Core/Src/main.o
                0x080006dc                Flag_Reset
 .text.Sensor_SW_Poll
                0x08000704       0xfc ./Core/Src/main.o
                0x08000704                Sensor_SW_Poll
 .text.UART_Print_Data
                0x08000800      0x260 ./Core/Src/main.o
                0x08000800                UART_Print_Data
 .text.main     0x08000a60      0x10c ./Core/Src/main.o
                0x08000a60                main
 .text.SystemClock_Config
                0x08000b6c       0xa2 ./Core/Src/main.o
                0x08000b6c                SystemClock_Config
 *fill*         0x08000c0e        0x2 
 .text.MX_I2C1_Init
                0x08000c10       0x80 ./Core/Src/main.o
 .text.MX_USART1_UART_Init
                0x08000c90       0x98 ./Core/Src/main.o
 .text.MX_GPIO_Init
                0x08000d28       0xb4 ./Core/Src/main.o
 .text.HAL_TIM_PeriodElapsedCallback
                0x08000ddc       0x24 ./Core/Src/main.o
                0x08000ddc                HAL_TIM_PeriodElapsedCallback
 .text.Error_Handler
                0x08000e00        0xc ./Core/Src/main.o
                0x08000e00                Error_Handler
 .text.HAL_MspInit
                0x08000e0c       0x50 ./Core/Src/stm32l4xx_hal_msp.o
                0x08000e0c                HAL_MspInit
 .text.HAL_I2C_MspInit
                0x08000e5c       0xbc ./Core/Src/stm32l4xx_hal_msp.o
                0x08000e5c                HAL_I2C_MspInit
 .text.HAL_I2C_MspDeInit
                0x08000f18       0x48 ./Core/Src/stm32l4xx_hal_msp.o
                0x08000f18                HAL_I2C_MspDeInit
 .text.HAL_UART_MspInit
                0x08000f60       0xbc ./Core/Src/stm32l4xx_hal_msp.o
                0x08000f60                HAL_UART_MspInit
 .text.HAL_InitTick
                0x0800101c       0xf4 ./Core/Src/stm32l4xx_hal_timebase_tim.o
                0x0800101c                HAL_InitTick
 .text.NMI_Handler
                0x08001110        0x8 ./Core/Src/stm32l4xx_it.o
                0x08001110                NMI_Handler
 .text.HardFault_Handler
                0x08001118        0x8 ./Core/Src/stm32l4xx_it.o
                0x08001118                HardFault_Handler
 .text.MemManage_Handler
                0x08001120        0x8 ./Core/Src/stm32l4xx_it.o
                0x08001120                MemManage_Handler
 .text.BusFault_Handler
                0x08001128        0x8 ./Core/Src/stm32l4xx_it.o
                0x08001128                BusFault_Handler
 .text.UsageFault_Handler
                0x08001130        0x8 ./Core/Src/stm32l4xx_it.o
                0x08001130                UsageFault_Handler
 .text.DebugMon_Handler
                0x08001138        0xe ./Core/Src/stm32l4xx_it.o
                0x08001138                DebugMon_Handler
 *fill*         0x08001146        0x2 
 .text.TIM6_DAC_IRQHandler
                0x08001148       0x14 ./Core/Src/stm32l4xx_it.o
                0x08001148                TIM6_DAC_IRQHandler
 .text._read    0x0800115c       0x3a ./Core/Src/syscalls.o
                0x0800115c                _read
 .text._write   0x08001196       0x38 ./Core/Src/syscalls.o
                0x08001196                _write
 .text._close   0x080011ce       0x18 ./Core/Src/syscalls.o
                0x080011ce                _close
 .text._fstat   0x080011e6       0x20 ./Core/Src/syscalls.o
                0x080011e6                _fstat
 .text._isatty  0x08001206       0x16 ./Core/Src/syscalls.o
                0x08001206                _isatty
 .text._lseek   0x0800121c       0x1a ./Core/Src/syscalls.o
                0x0800121c                _lseek
 *fill*         0x08001236        0x2 
 .text._sbrk    0x08001238       0x6c ./Core/Src/sysmem.o
                0x08001238                _sbrk
 .text.SystemInit
                0x080012a4       0x24 ./Core/Src/system_stm32l4xx.o
                0x080012a4                SystemInit
 .text.Reset_Handler
                0x080012c8       0x50 ./Core/Startup/startup_stm32l4s5vitx.o
                0x080012c8                Reset_Handler
 .text.Default_Handler
                0x08001318        0x2 ./Core/Startup/startup_stm32l4s5vitx.o
                0x08001318                RTC_Alarm_IRQHandler
                0x08001318                EXTI2_IRQHandler
                0x08001318                TIM8_TRG_COM_IRQHandler
                0x08001318                TIM8_CC_IRQHandler
                0x08001318                TIM1_CC_IRQHandler
                0x08001318                TSC_IRQHandler
                0x08001318                TAMP_STAMP_IRQHandler
                0x08001318                EXTI3_IRQHandler
                0x08001318                LPTIM2_IRQHandler
                0x08001318                DFSDM1_FLT1_IRQHandler
                0x08001318                GFXMMU_IRQHandler
                0x08001318                I2C3_ER_IRQHandler
                0x08001318                DFSDM1_FLT2_IRQHandler
                0x08001318                EXTI0_IRQHandler
                0x08001318                I2C2_EV_IRQHandler
                0x08001318                CAN1_RX0_IRQHandler
                0x08001318                FPU_IRQHandler
                0x08001318                TIM1_UP_TIM16_IRQHandler
                0x08001318                LTDC_ER_IRQHandler
                0x08001318                SPI1_IRQHandler
                0x08001318                OCTOSPI1_IRQHandler
                0x08001318                DCMI_IRQHandler
                0x08001318                TIM8_UP_IRQHandler
                0x08001318                OCTOSPI2_IRQHandler
                0x08001318                DMA2_Channel2_IRQHandler
                0x08001318                DMA1_Channel4_IRQHandler
                0x08001318                SAI2_IRQHandler
                0x08001318                ADC1_IRQHandler
                0x08001318                DFSDM1_FLT3_IRQHandler
                0x08001318                USART3_IRQHandler
                0x08001318                DMA1_Channel7_IRQHandler
                0x08001318                CAN1_RX1_IRQHandler
                0x08001318                UART5_IRQHandler
                0x08001318                TIM4_IRQHandler
                0x08001318                DMA2_Channel1_IRQHandler
                0x08001318                I2C1_EV_IRQHandler
                0x08001318                DMAMUX1_OVR_IRQHandler
                0x08001318                DMA1_Channel6_IRQHandler
                0x08001318                UART4_IRQHandler
                0x08001318                DMA2_Channel4_IRQHandler
                0x08001318                TIM3_IRQHandler
                0x08001318                RCC_IRQHandler
                0x08001318                DMA1_Channel1_IRQHandler
                0x08001318                Default_Handler
                0x08001318                DMA2_Channel7_IRQHandler
                0x08001318                EXTI15_10_IRQHandler
                0x08001318                TIM7_IRQHandler
                0x08001318                SDMMC1_IRQHandler
                0x08001318                TIM5_IRQHandler
                0x08001318                I2C3_EV_IRQHandler
                0x08001318                EXTI9_5_IRQHandler
                0x08001318                RTC_WKUP_IRQHandler
                0x08001318                LTDC_IRQHandler
                0x08001318                PVD_PVM_IRQHandler
                0x08001318                SPI2_IRQHandler
                0x08001318                CAN1_TX_IRQHandler
                0x08001318                DMA2_Channel5_IRQHandler
                0x08001318                DMA1_Channel5_IRQHandler
                0x08001318                EXTI4_IRQHandler
                0x08001318                RNG_IRQHandler
                0x08001318                TIM1_TRG_COM_TIM17_IRQHandler
                0x08001318                DMA1_Channel3_IRQHandler
                0x08001318                COMP_IRQHandler
                0x08001318                HASH_CRS_IRQHandler
                0x08001318                WWDG_IRQHandler
                0x08001318                I2C4_EV_IRQHandler
                0x08001318                LPUART1_IRQHandler
                0x08001318                DMA2_Channel6_IRQHandler
                0x08001318                TIM2_IRQHandler
                0x08001318                DMA2D_IRQHandler
                0x08001318                EXTI1_IRQHandler
                0x08001318                AES_IRQHandler
                0x08001318                USART2_IRQHandler
                0x08001318                DFSDM1_FLT0_IRQHandler
                0x08001318                I2C2_ER_IRQHandler
                0x08001318                DMA1_Channel2_IRQHandler
                0x08001318                TIM8_BRK_IRQHandler
                0x08001318                CAN1_SCE_IRQHandler
                0x08001318                FLASH_IRQHandler
                0x08001318                USART1_IRQHandler
                0x08001318                OTG_FS_IRQHandler
                0x08001318                SPI3_IRQHandler
                0x08001318                I2C1_ER_IRQHandler
                0x08001318                FMC_IRQHandler
                0x08001318                LPTIM1_IRQHandler
                0x08001318                I2C4_ER_IRQHandler
                0x08001318                SAI1_IRQHandler
                0x08001318                DMA2_Channel3_IRQHandler
                0x08001318                TIM1_BRK_TIM15_IRQHandler
 *fill*         0x0800131a        0x2 
 .text.I2Cx_MspInit
                0x0800131c       0xb0 ./Drivers/BSP/B-L4S5I-IOT01/stm32l4s5i_iot01.o
 .text.I2Cx_Init
                0x080013cc       0x5c ./Drivers/BSP/B-L4S5I-IOT01/stm32l4s5i_iot01.o
 .text.I2Cx_ReadMultiple
                0x08001428       0x5a ./Drivers/BSP/B-L4S5I-IOT01/stm32l4s5i_iot01.o
 .text.I2Cx_WriteMultiple
                0x08001482       0x5a ./Drivers/BSP/B-L4S5I-IOT01/stm32l4s5i_iot01.o
 .text.I2Cx_Error
                0x080014dc       0x20 ./Drivers/BSP/B-L4S5I-IOT01/stm32l4s5i_iot01.o
 .text.SENSOR_IO_Init
                0x080014fc       0x14 ./Drivers/BSP/B-L4S5I-IOT01/stm32l4s5i_iot01.o
                0x080014fc                SENSOR_IO_Init
 .text.SENSOR_IO_Write
                0x08001510       0x34 ./Drivers/BSP/B-L4S5I-IOT01/stm32l4s5i_iot01.o
                0x08001510                SENSOR_IO_Write
 .text.SENSOR_IO_Read
                0x08001544       0x3c ./Drivers/BSP/B-L4S5I-IOT01/stm32l4s5i_iot01.o
                0x08001544                SENSOR_IO_Read
 .text.SENSOR_IO_ReadMultiple
                0x08001580       0x3c ./Drivers/BSP/B-L4S5I-IOT01/stm32l4s5i_iot01.o
                0x08001580                SENSOR_IO_ReadMultiple
 .text.BSP_ACCELERO_Init
                0x080015bc       0x7c ./Drivers/BSP/B-L4S5I-IOT01/stm32l4s5i_iot01_accelero.o
                0x080015bc                BSP_ACCELERO_Init
 .text.BSP_ACCELERO_AccGetXYZ
                0x08001638       0x30 ./Drivers/BSP/B-L4S5I-IOT01/stm32l4s5i_iot01_accelero.o
                0x08001638                BSP_ACCELERO_AccGetXYZ
 .text.BSP_GYRO_Init
                0x08001668       0x84 ./Drivers/BSP/B-L4S5I-IOT01/stm32l4s5i_iot01_gyro.o
                0x08001668                BSP_GYRO_Init
 .text.BSP_GYRO_GetXYZ
                0x080016ec       0x30 ./Drivers/BSP/B-L4S5I-IOT01/stm32l4s5i_iot01_gyro.o
                0x080016ec                BSP_GYRO_GetXYZ
 .text.BSP_HSENSOR_Init
                0x0800171c       0x40 ./Drivers/BSP/B-L4S5I-IOT01/stm32l4s5i_iot01_hsensor.o
                0x0800171c                BSP_HSENSOR_Init
 .text.BSP_HSENSOR_ReadHumidity
                0x0800175c       0x1c ./Drivers/BSP/B-L4S5I-IOT01/stm32l4s5i_iot01_hsensor.o
                0x0800175c                BSP_HSENSOR_ReadHumidity
 .text.BSP_MAGNETO_Init
                0x08001778       0x58 ./Drivers/BSP/B-L4S5I-IOT01/stm32l4s5i_iot01_magneto.o
                0x08001778                BSP_MAGNETO_Init
 .text.BSP_MAGNETO_GetXYZ
                0x080017d0       0x30 ./Drivers/BSP/B-L4S5I-IOT01/stm32l4s5i_iot01_magneto.o
                0x080017d0                BSP_MAGNETO_GetXYZ
 .text.BSP_PSENSOR_Init
                0x08001800       0x40 ./Drivers/BSP/B-L4S5I-IOT01/stm32l4s5i_iot01_psensor.o
                0x08001800                BSP_PSENSOR_Init
 .text.BSP_PSENSOR_ReadPressure
                0x08001840       0x1c ./Drivers/BSP/B-L4S5I-IOT01/stm32l4s5i_iot01_psensor.o
                0x08001840                BSP_PSENSOR_ReadPressure
 .text.BSP_TSENSOR_Init
                0x0800185c       0x38 ./Drivers/BSP/B-L4S5I-IOT01/stm32l4s5i_iot01_tsensor.o
                0x0800185c                BSP_TSENSOR_Init
 .text.BSP_TSENSOR_ReadTemp
                0x08001894       0x1c ./Drivers/BSP/B-L4S5I-IOT01/stm32l4s5i_iot01_tsensor.o
                0x08001894                BSP_TSENSOR_ReadTemp
 .text.HTS221_H_Init
                0x080018b0       0x58 ./Drivers/BSP/Components/hts221/hts221.o
                0x080018b0                HTS221_H_Init
 .text.HTS221_H_ReadID
                0x08001908       0x2c ./Drivers/BSP/Components/hts221/hts221.o
                0x08001908                HTS221_H_ReadID
 .text.HTS221_H_ReadHumidity
                0x08001934      0x138 ./Drivers/BSP/Components/hts221/hts221.o
                0x08001934                HTS221_H_ReadHumidity
 .text.HTS221_T_Init
                0x08001a6c       0x5a ./Drivers/BSP/Components/hts221/hts221.o
                0x08001a6c                HTS221_T_Init
 .text.HTS221_T_ReadTemp
                0x08001ac6      0x10e ./Drivers/BSP/Components/hts221/hts221.o
                0x08001ac6                HTS221_T_ReadTemp
 .text.LIS3MDL_MagInit
                0x08001bd4       0x50 ./Drivers/BSP/Components/lis3mdl/lis3mdl.o
                0x08001bd4                LIS3MDL_MagInit
 .text.LIS3MDL_MagDeInit
                0x08001c24       0x3a ./Drivers/BSP/Components/lis3mdl/lis3mdl.o
                0x08001c24                LIS3MDL_MagDeInit
 .text.LIS3MDL_MagReadID
                0x08001c5e       0x16 ./Drivers/BSP/Components/lis3mdl/lis3mdl.o
                0x08001c5e                LIS3MDL_MagReadID
 .text.LIS3MDL_MagLowPower
                0x08001c74       0x44 ./Drivers/BSP/Components/lis3mdl/lis3mdl.o
                0x08001c74                LIS3MDL_MagLowPower
 .text.LIS3MDL_MagReadXYZ
                0x08001cb8      0x108 ./Drivers/BSP/Components/lis3mdl/lis3mdl.o
                0x08001cb8                LIS3MDL_MagReadXYZ
 .text.LPS22HB_P_Init
                0x08001dc0       0x1a ./Drivers/BSP/Components/lps22hb/lps22hb.o
                0x08001dc0                LPS22HB_P_Init
 .text.LPS22HB_P_ReadID
                0x08001dda       0x2c ./Drivers/BSP/Components/lps22hb/lps22hb.o
                0x08001dda                LPS22HB_P_ReadID
 *fill*         0x08001e06        0x2 
 .text.LPS22HB_P_ReadPressure
                0x08001e08       0xbc ./Drivers/BSP/Components/lps22hb/lps22hb.o
                0x08001e08                LPS22HB_P_ReadPressure
 .text.LPS22HB_Init
                0x08001ec4       0x7e ./Drivers/BSP/Components/lps22hb/lps22hb.o
 .text.LSM6DSL_AccInit
                0x08001f42       0x72 ./Drivers/BSP/Components/lsm6dsl/lsm6dsl.o
                0x08001f42                LSM6DSL_AccInit
 .text.LSM6DSL_AccDeInit
                0x08001fb4       0x32 ./Drivers/BSP/Components/lsm6dsl/lsm6dsl.o
                0x08001fb4                LSM6DSL_AccDeInit
 .text.LSM6DSL_AccReadID
                0x08001fe6       0x16 ./Drivers/BSP/Components/lsm6dsl/lsm6dsl.o
                0x08001fe6                LSM6DSL_AccReadID
 .text.LSM6DSL_AccLowPower
                0x08001ffc       0x44 ./Drivers/BSP/Components/lsm6dsl/lsm6dsl.o
                0x08001ffc                LSM6DSL_AccLowPower
 .text.LSM6DSL_AccReadXYZ
                0x08002040      0x12c ./Drivers/BSP/Components/lsm6dsl/lsm6dsl.o
                0x08002040                LSM6DSL_AccReadXYZ
 .text.LSM6DSL_GyroInit
                0x0800216c       0x72 ./Drivers/BSP/Components/lsm6dsl/lsm6dsl.o
                0x0800216c                LSM6DSL_GyroInit
 .text.LSM6DSL_GyroDeInit
                0x080021de       0x32 ./Drivers/BSP/Components/lsm6dsl/lsm6dsl.o
                0x080021de                LSM6DSL_GyroDeInit
 .text.LSM6DSL_GyroReadID
                0x08002210       0x16 ./Drivers/BSP/Components/lsm6dsl/lsm6dsl.o
                0x08002210                LSM6DSL_GyroReadID
 .text.LSM6DSL_GyroLowPower
                0x08002226       0x44 ./Drivers/BSP/Components/lsm6dsl/lsm6dsl.o
                0x08002226                LSM6DSL_GyroLowPower
 *fill*         0x0800226a        0x2 
 .text.LSM6DSL_GyroReadXYZAngRate
                0x0800226c      0x124 ./Drivers/BSP/Components/lsm6dsl/lsm6dsl.o
                0x0800226c                LSM6DSL_GyroReadXYZAngRate
 .text.HAL_Init
                0x08002390       0x30 ./Drivers/STM32L4xx_HAL_Driver/Src/stm32l4xx_hal.o
                0x08002390                HAL_Init
 .text.HAL_IncTick
                0x080023c0       0x28 ./Drivers/STM32L4xx_HAL_Driver/Src/stm32l4xx_hal.o
                0x080023c0                HAL_IncTick
 .text.HAL_GetTick
                0x080023e8       0x18 ./Drivers/STM32L4xx_HAL_Driver/Src/stm32l4xx_hal.o
                0x080023e8                HAL_GetTick
 .text.__NVIC_SetPriorityGrouping
                0x08002400       0x48 ./Drivers/STM32L4xx_HAL_Driver/Src/stm32l4xx_hal_cortex.o
 .text.__NVIC_GetPriorityGrouping
                0x08002448       0x1c ./Drivers/STM32L4xx_HAL_Driver/Src/stm32l4xx_hal_cortex.o
 .text.__NVIC_EnableIRQ
                0x08002464       0x3c ./Drivers/STM32L4xx_HAL_Driver/Src/stm32l4xx_hal_cortex.o
 .text.__NVIC_SetPriority
                0x080024a0       0x54 ./Drivers/STM32L4xx_HAL_Driver/Src/stm32l4xx_hal_cortex.o
 .text.NVIC_EncodePriority
                0x080024f4       0x66 ./Drivers/STM32L4xx_HAL_Driver/Src/stm32l4xx_hal_cortex.o
 .text.HAL_NVIC_SetPriorityGrouping
                0x0800255a       0x16 ./Drivers/STM32L4xx_HAL_Driver/Src/stm32l4xx_hal_cortex.o
                0x0800255a                HAL_NVIC_SetPriorityGrouping
 .text.HAL_NVIC_SetPriority
                0x08002570       0x38 ./Drivers/STM32L4xx_HAL_Driver/Src/stm32l4xx_hal_cortex.o
                0x08002570                HAL_NVIC_SetPriority
 .text.HAL_NVIC_EnableIRQ
                0x080025a8       0x1c ./Drivers/STM32L4xx_HAL_Driver/Src/stm32l4xx_hal_cortex.o
                0x080025a8                HAL_NVIC_EnableIRQ
 .text.HAL_GPIO_Init
                0x080025c4      0x324 ./Drivers/STM32L4xx_HAL_Driver/Src/stm32l4xx_hal_gpio.o
                0x080025c4                HAL_GPIO_Init
 .text.HAL_GPIO_DeInit
                0x080028e8      0x1e4 ./Drivers/STM32L4xx_HAL_Driver/Src/stm32l4xx_hal_gpio.o
                0x080028e8                HAL_GPIO_DeInit
 .text.HAL_GPIO_ReadPin
                0x08002acc       0x30 ./Drivers/STM32L4xx_HAL_Driver/Src/stm32l4xx_hal_gpio.o
                0x08002acc                HAL_GPIO_ReadPin
 .text.HAL_GPIO_WritePin
                0x08002afc       0x30 ./Drivers/STM32L4xx_HAL_Driver/Src/stm32l4xx_hal_gpio.o
                0x08002afc                HAL_GPIO_WritePin
 .text.HAL_GPIO_TogglePin
                0x08002b2c       0x34 ./Drivers/STM32L4xx_HAL_Driver/Src/stm32l4xx_hal_gpio.o
                0x08002b2c                HAL_GPIO_TogglePin
 .text.HAL_I2C_Init
                0x08002b60      0x136 ./Drivers/STM32L4xx_HAL_Driver/Src/stm32l4xx_hal_i2c.o
                0x08002b60                HAL_I2C_Init
 .text.HAL_I2C_DeInit
                0x08002c96       0x5e ./Drivers/STM32L4xx_HAL_Driver/Src/stm32l4xx_hal_i2c.o
                0x08002c96                HAL_I2C_DeInit
 .text.HAL_I2C_Mem_Write
                0x08002cf4      0x228 ./Drivers/STM32L4xx_HAL_Driver/Src/stm32l4xx_hal_i2c.o
                0x08002cf4                HAL_I2C_Mem_Write
 .text.HAL_I2C_Mem_Read
                0x08002f1c      0x234 ./Drivers/STM32L4xx_HAL_Driver/Src/stm32l4xx_hal_i2c.o
                0x08002f1c                HAL_I2C_Mem_Read
 .text.I2C_RequestMemoryWrite
                0x08003150       0xa8 ./Drivers/STM32L4xx_HAL_Driver/Src/stm32l4xx_hal_i2c.o
 .text.I2C_RequestMemoryRead
                0x080031f8       0xa8 ./Drivers/STM32L4xx_HAL_Driver/Src/stm32l4xx_hal_i2c.o
 .text.I2C_Flush_TXDR
                0x080032a0       0x48 ./Drivers/STM32L4xx_HAL_Driver/Src/stm32l4xx_hal_i2c.o
 .text.I2C_WaitOnFlagUntilTimeout
                0x080032e8       0x9e ./Drivers/STM32L4xx_HAL_Driver/Src/stm32l4xx_hal_i2c.o
 .text.I2C_WaitOnTXISFlagUntilTimeout
                0x08003386       0x8e ./Drivers/STM32L4xx_HAL_Driver/Src/stm32l4xx_hal_i2c.o
 .text.I2C_WaitOnSTOPFlagUntilTimeout
                0x08003414       0x86 ./Drivers/STM32L4xx_HAL_Driver/Src/stm32l4xx_hal_i2c.o
 *fill*         0x0800349a        0x2 
 .text.I2C_IsErrorOccurred
                0x0800349c      0x1c0 ./Drivers/STM32L4xx_HAL_Driver/Src/stm32l4xx_hal_i2c.o
 .text.I2C_TransferConfig
                0x0800365c       0x64 ./Drivers/STM32L4xx_HAL_Driver/Src/stm32l4xx_hal_i2c.o
 .text.HAL_I2CEx_ConfigAnalogFilter
                0x080036c0       0x96 ./Drivers/STM32L4xx_HAL_Driver/Src/stm32l4xx_hal_i2c_ex.o
                0x080036c0                HAL_I2CEx_ConfigAnalogFilter
 .text.HAL_I2CEx_ConfigDigitalFilter
                0x08003756       0x98 ./Drivers/STM32L4xx_HAL_Driver/Src/stm32l4xx_hal_i2c_ex.o
                0x08003756                HAL_I2CEx_ConfigDigitalFilter
 *fill*         0x080037ee        0x2 
 .text.HAL_PWREx_GetVoltageRange
                0x080037f0       0x40 ./Drivers/STM32L4xx_HAL_Driver/Src/stm32l4xx_hal_pwr_ex.o
                0x080037f0                HAL_PWREx_GetVoltageRange
 .text.HAL_PWREx_ControlVoltageScaling
                0x08003830      0x148 ./Drivers/STM32L4xx_HAL_Driver/Src/stm32l4xx_hal_pwr_ex.o
                0x08003830                HAL_PWREx_ControlVoltageScaling
 .text.HAL_RCC_OscConfig
                0x08003978      0x834 ./Drivers/STM32L4xx_HAL_Driver/Src/stm32l4xx_hal_rcc.o
                0x08003978                HAL_RCC_OscConfig
 .text.HAL_RCC_ClockConfig
                0x080041ac      0x274 ./Drivers/STM32L4xx_HAL_Driver/Src/stm32l4xx_hal_rcc.o
                0x080041ac                HAL_RCC_ClockConfig
 .text.HAL_RCC_GetSysClockFreq
                0x08004420      0x118 ./Drivers/STM32L4xx_HAL_Driver/Src/stm32l4xx_hal_rcc.o
                0x08004420                HAL_RCC_GetSysClockFreq
 .text.HAL_RCC_GetHCLKFreq
                0x08004538       0x18 ./Drivers/STM32L4xx_HAL_Driver/Src/stm32l4xx_hal_rcc.o
                0x08004538                HAL_RCC_GetHCLKFreq
 .text.HAL_RCC_GetPCLK1Freq
                0x08004550       0x2c ./Drivers/STM32L4xx_HAL_Driver/Src/stm32l4xx_hal_rcc.o
                0x08004550                HAL_RCC_GetPCLK1Freq
 .text.HAL_RCC_GetPCLK2Freq
                0x0800457c       0x2c ./Drivers/STM32L4xx_HAL_Driver/Src/stm32l4xx_hal_rcc.o
                0x0800457c                HAL_RCC_GetPCLK2Freq
 .text.HAL_RCC_GetClockConfig
                0x080045a8       0x64 ./Drivers/STM32L4xx_HAL_Driver/Src/stm32l4xx_hal_rcc.o
                0x080045a8                HAL_RCC_GetClockConfig
 .text.RCC_SetFlashLatencyFromMSIRange
                0x0800460c       0xb4 ./Drivers/STM32L4xx_HAL_Driver/Src/stm32l4xx_hal_rcc.o
 .text.RCC_GetSysClockFreqFromPLLSource
                0x080046c0       0xcc ./Drivers/STM32L4xx_HAL_Driver/Src/stm32l4xx_hal_rcc.o
 .text.HAL_RCCEx_PeriphCLKConfig
                0x0800478c      0x660 ./Drivers/STM32L4xx_HAL_Driver/Src/stm32l4xx_hal_rcc_ex.o
                0x0800478c                HAL_RCCEx_PeriphCLKConfig
 .text.RCCEx_PLLSAI1_Config
                0x08004dec      0x1e8 ./Drivers/STM32L4xx_HAL_Driver/Src/stm32l4xx_hal_rcc_ex.o
 .text.RCCEx_PLLSAI2_Config
                0x08004fd4      0x1e8 ./Drivers/STM32L4xx_HAL_Driver/Src/stm32l4xx_hal_rcc_ex.o
 .text.HAL_TIM_Base_Init
                0x080051bc       0xae ./Drivers/STM32L4xx_HAL_Driver/Src/stm32l4xx_hal_tim.o
                0x080051bc                HAL_TIM_Base_Init
 .text.HAL_TIM_Base_MspInit
                0x0800526a       0x14 ./Drivers/STM32L4xx_HAL_Driver/Src/stm32l4xx_hal_tim.o
                0x0800526a                HAL_TIM_Base_MspInit
 *fill*         0x0800527e        0x2 
 .text.HAL_TIM_Base_Start_IT
                0x08005280       0xe0 ./Drivers/STM32L4xx_HAL_Driver/Src/stm32l4xx_hal_tim.o
                0x08005280                HAL_TIM_Base_Start_IT
 .text.HAL_TIM_IRQHandler
                0x08005360      0x204 ./Drivers/STM32L4xx_HAL_Driver/Src/stm32l4xx_hal_tim.o
                0x08005360                HAL_TIM_IRQHandler
 .text.HAL_TIM_OC_DelayElapsedCallback
                0x08005564       0x14 ./Drivers/STM32L4xx_HAL_Driver/Src/stm32l4xx_hal_tim.o
                0x08005564                HAL_TIM_OC_DelayElapsedCallback
 .text.HAL_TIM_IC_CaptureCallback
                0x08005578       0x14 ./Drivers/STM32L4xx_HAL_Driver/Src/stm32l4xx_hal_tim.o
                0x08005578                HAL_TIM_IC_CaptureCallback
 .text.HAL_TIM_PWM_PulseFinishedCallback
                0x0800558c       0x14 ./Drivers/STM32L4xx_HAL_Driver/Src/stm32l4xx_hal_tim.o
                0x0800558c                HAL_TIM_PWM_PulseFinishedCallback
 .text.HAL_TIM_TriggerCallback
                0x080055a0       0x14 ./Drivers/STM32L4xx_HAL_Driver/Src/stm32l4xx_hal_tim.o
                0x080055a0                HAL_TIM_TriggerCallback
 .text.TIM_Base_SetConfig
                0x080055b4      0x134 ./Drivers/STM32L4xx_HAL_Driver/Src/stm32l4xx_hal_tim.o
                0x080055b4                TIM_Base_SetConfig
 .text.HAL_TIMEx_CommutCallback
                0x080056e8       0x14 ./Drivers/STM32L4xx_HAL_Driver/Src/stm32l4xx_hal_tim_ex.o
                0x080056e8                HAL_TIMEx_CommutCallback
 .text.HAL_TIMEx_BreakCallback
                0x080056fc       0x14 ./Drivers/STM32L4xx_HAL_Driver/Src/stm32l4xx_hal_tim_ex.o
                0x080056fc                HAL_TIMEx_BreakCallback
 .text.HAL_TIMEx_Break2Callback
                0x08005710       0x14 ./Drivers/STM32L4xx_HAL_Driver/Src/stm32l4xx_hal_tim_ex.o
                0x08005710                HAL_TIMEx_Break2Callback
 .text.HAL_UART_Init
                0x08005724       0xa0 ./Drivers/STM32L4xx_HAL_Driver/Src/stm32l4xx_hal_uart.o
                0x08005724                HAL_UART_Init
 .text.HAL_UART_Transmit
                0x080057c4      0x11c ./Drivers/STM32L4xx_HAL_Driver/Src/stm32l4xx_hal_uart.o
                0x080057c4                HAL_UART_Transmit
 .text.UART_SetConfig
                0x080058e0      0x5f8 ./Drivers/STM32L4xx_HAL_Driver/Src/stm32l4xx_hal_uart.o
                0x080058e0                UART_SetConfig
 .text.UART_AdvFeatureConfig
                0x08005ed8      0x144 ./Drivers/STM32L4xx_HAL_Driver/Src/stm32l4xx_hal_uart.o
                0x08005ed8                UART_AdvFeatureConfig
 .text.UART_CheckIdleState
                0x0800601c      0x154 ./Drivers/STM32L4xx_HAL_Driver/Src/stm32l4xx_hal_uart.o
                0x0800601c                UART_CheckIdleState
 .text.UART_WaitOnFlagUntilTimeout
                0x08006170       0xce ./Drivers/STM32L4xx_HAL_Driver/Src/stm32l4xx_hal_uart.o
                0x08006170                UART_WaitOnFlagUntilTimeout
 .text.UART_EndRxTransfer
                0x0800623e       0xcc ./Drivers/STM32L4xx_HAL_Driver/Src/stm32l4xx_hal_uart.o
 .text.HAL_UARTEx_DisableFifoMode
                0x0800630a       0x72 ./Drivers/STM32L4xx_HAL_Driver/Src/stm32l4xx_hal_uart_ex.o
                0x0800630a                HAL_UARTEx_DisableFifoMode
 .text.HAL_UARTEx_SetTxFifoThreshold
                0x0800637c       0x7c ./Drivers/STM32L4xx_HAL_Driver/Src/stm32l4xx_hal_uart_ex.o
                0x0800637c                HAL_UARTEx_SetTxFifoThreshold
 .text.HAL_UARTEx_SetRxFifoThreshold
                0x080063f8       0x7c ./Drivers/STM32L4xx_HAL_Driver/Src/stm32l4xx_hal_uart_ex.o
                0x080063f8                HAL_UARTEx_SetRxFifoThreshold
 .text.UARTEx_SetNbDataToProcess
                0x08006474       0x9c ./Drivers/STM32L4xx_HAL_Driver/Src/stm32l4xx_hal_uart_ex.o
 .text.makeFreeRtosPriority
                0x08006510       0x30 ./Middlewares/Third_Party/FreeRTOS/Source/CMSIS_RTOS/cmsis_os.o
 .text.osKernelStart
                0x08006540        0xe ./Middlewares/Third_Party/FreeRTOS/Source/CMSIS_RTOS/cmsis_os.o
                0x08006540                osKernelStart
 .text.osThreadCreate
                0x0800654e       0x98 ./Middlewares/Third_Party/FreeRTOS/Source/CMSIS_RTOS/cmsis_os.o
                0x0800654e                osThreadCreate
 .text.osDelay  0x080065e6       0x28 ./Middlewares/Third_Party/FreeRTOS/Source/CMSIS_RTOS/cmsis_os.o
                0x080065e6                osDelay
 .text.vListInitialise
                0x0800660e       0x40 ./Middlewares/Third_Party/FreeRTOS/Source/list.o
                0x0800660e                vListInitialise
 .text.vListInitialiseItem
                0x0800664e       0x1a ./Middlewares/Third_Party/FreeRTOS/Source/list.o
                0x0800664e                vListInitialiseItem
 .text.vListInsertEnd
                0x08006668       0x48 ./Middlewares/Third_Party/FreeRTOS/Source/list.o
                0x08006668                vListInsertEnd
 .text.vListInsert
                0x080066b0       0x72 ./Middlewares/Third_Party/FreeRTOS/Source/list.o
                0x080066b0                vListInsert
 .text.uxListRemove
                0x08006722       0x54 ./Middlewares/Third_Party/FreeRTOS/Source/list.o
                0x08006722                uxListRemove
 .text.xTaskCreateStatic
                0x08006776       0xc0 ./Middlewares/Third_Party/FreeRTOS/Source/tasks.o
                0x08006776                xTaskCreateStatic
 .text.xTaskCreate
                0x08006836       0x8a ./Middlewares/Third_Party/FreeRTOS/Source/tasks.o
                0x08006836                xTaskCreate
 .text.prvInitialiseNewTask
                0x080068c0      0x110 ./Middlewares/Third_Party/FreeRTOS/Source/tasks.o
 .text.prvAddNewTaskToReadyList
                0x080069d0       0xd4 ./Middlewares/Third_Party/FreeRTOS/Source/tasks.o
 .text.vTaskDelay
                0x08006aa4       0x6c ./Middlewares/Third_Party/FreeRTOS/Source/tasks.o
                0x08006aa4                vTaskDelay
 .text.vTaskStartScheduler
                0x08006b10       0xc4 ./Middlewares/Third_Party/FreeRTOS/Source/tasks.o
                0x08006b10                vTaskStartScheduler
 .text.vTaskSuspendAll
                0x08006bd4       0x1c ./Middlewares/Third_Party/FreeRTOS/Source/tasks.o
                0x08006bd4                vTaskSuspendAll
 .text.xTaskResumeAll
                0x08006bf0      0x13c ./Middlewares/Third_Party/FreeRTOS/Source/tasks.o
                0x08006bf0                xTaskResumeAll
 .text.xTaskIncrementTick
                0x08006d2c      0x174 ./Middlewares/Third_Party/FreeRTOS/Source/tasks.o
                0x08006d2c                xTaskIncrementTick
 .text.vTaskSwitchContext
                0x08006ea0       0xb8 ./Middlewares/Third_Party/FreeRTOS/Source/tasks.o
                0x08006ea0                vTaskSwitchContext
 .text.prvIdleTask
                0x08006f58       0x30 ./Middlewares/Third_Party/FreeRTOS/Source/tasks.o
 .text.prvInitialiseTaskLists
                0x08006f88       0x80 ./Middlewares/Third_Party/FreeRTOS/Source/tasks.o
 .text.prvCheckTasksWaitingTermination
                0x08007008       0x5c ./Middlewares/Third_Party/FreeRTOS/Source/tasks.o
 .text.prvDeleteTCB
                0x08007064       0x60 ./Middlewares/Third_Party/FreeRTOS/Source/tasks.o
 .text.prvResetNextTaskUnblockTime
                0x080070c4       0x40 ./Middlewares/Third_Party/FreeRTOS/Source/tasks.o
 .text.prvAddCurrentTaskToDelayedList
                0x08007104       0xcc ./Middlewares/Third_Party/FreeRTOS/Source/tasks.o
 .text.pxPortInitialiseStack
                0x080071d0       0x68 ./Middlewares/Third_Party/FreeRTOS/Source/portable/GCC/ARM_CM4F/port.o
                0x080071d0                pxPortInitialiseStack
 .text.prvTaskExitError
                0x08007238       0x5c ./Middlewares/Third_Party/FreeRTOS/Source/portable/GCC/ARM_CM4F/port.o
 *fill*         0x08007294        0xc 
 .text.SVC_Handler
                0x080072a0       0x28 ./Middlewares/Third_Party/FreeRTOS/Source/portable/GCC/ARM_CM4F/port.o
                0x080072a0                SVC_Handler
 .text.prvPortStartFirstTask
                0x080072c8       0x28 ./Middlewares/Third_Party/FreeRTOS/Source/portable/GCC/ARM_CM4F/port.o
 .text.xPortStartScheduler
                0x080072f0      0x148 ./Middlewares/Third_Party/FreeRTOS/Source/portable/GCC/ARM_CM4F/port.o
                0x080072f0                xPortStartScheduler
 .text.vPortEnterCritical
                0x08007438       0x64 ./Middlewares/Third_Party/FreeRTOS/Source/portable/GCC/ARM_CM4F/port.o
                0x08007438                vPortEnterCritical
 .text.vPortExitCritical
                0x0800749c       0x54 ./Middlewares/Third_Party/FreeRTOS/Source/portable/GCC/ARM_CM4F/port.o
                0x0800749c                vPortExitCritical
 .text.PendSV_Handler
                0x080074f0       0x68 ./Middlewares/Third_Party/FreeRTOS/Source/portable/GCC/ARM_CM4F/port.o
                0x080074f0                PendSV_Handler
 .text.SysTick_Handler
                0x08007558       0x44 ./Middlewares/Third_Party/FreeRTOS/Source/portable/GCC/ARM_CM4F/port.o
                0x08007558                SysTick_Handler
 .text.vPortSetupTimerInterrupt
                0x0800759c       0x48 ./Middlewares/Third_Party/FreeRTOS/Source/portable/GCC/ARM_CM4F/port.o
                0x0800759c                vPortSetupTimerInterrupt
 .text.vPortEnableVFP
                0x080075e4       0x14 ./Middlewares/Third_Party/FreeRTOS/Source/portable/GCC/ARM_CM4F/port.o
 .text.pvPortMalloc
                0x080075f8      0x19c ./Middlewares/Third_Party/FreeRTOS/Source/portable/MemMang/heap_4.o
                0x080075f8                pvPortMalloc
 .text.vPortFree
                0x08007794       0xc8 ./Middlewares/Third_Party/FreeRTOS/Source/portable/MemMang/heap_4.o
                0x08007794                vPortFree
 .text.prvHeapInit
                0x0800785c       0xc4 ./Middlewares/Third_Party/FreeRTOS/Source/portable/MemMang/heap_4.o
 .text.prvInsertBlockIntoFreeList
                0x08007920       0xb4 ./Middlewares/Third_Party/FreeRTOS/Source/portable/MemMang/heap_4.o
 .text.std      0x080079d4       0x6c C:/ST/STM32CubeIDE_1.15.0/STM32CubeIDE/plugins/com.st.stm32cube.ide.mcu.externaltools.gnu-tools-for-stm32.12.3.rel1.win32_1.0.100.202403111256/tools/bin/../lib/gcc/arm-none-eabi/12.3.1/../../../../arm-none-eabi/lib/thumb/v7e-m+fp/hard\libc_nano.a(libc_a-findfp.o)
 .text.stdio_exit_handler
                0x08007a40       0x18 C:/ST/STM32CubeIDE_1.15.0/STM32CubeIDE/plugins/com.st.stm32cube.ide.mcu.externaltools.gnu-tools-for-stm32.12.3.rel1.win32_1.0.100.202403111256/tools/bin/../lib/gcc/arm-none-eabi/12.3.1/../../../../arm-none-eabi/lib/thumb/v7e-m+fp/hard\libc_nano.a(libc_a-findfp.o)
 .text.cleanup_stdio
                0x08007a58       0x40 C:/ST/STM32CubeIDE_1.15.0/STM32CubeIDE/plugins/com.st.stm32cube.ide.mcu.externaltools.gnu-tools-for-stm32.12.3.rel1.win32_1.0.100.202403111256/tools/bin/../lib/gcc/arm-none-eabi/12.3.1/../../../../arm-none-eabi/lib/thumb/v7e-m+fp/hard\libc_nano.a(libc_a-findfp.o)
 .text.global_stdio_init.part.0
                0x08007a98       0x3c C:/ST/STM32CubeIDE_1.15.0/STM32CubeIDE/plugins/com.st.stm32cube.ide.mcu.externaltools.gnu-tools-for-stm32.12.3.rel1.win32_1.0.100.202403111256/tools/bin/../lib/gcc/arm-none-eabi/12.3.1/../../../../arm-none-eabi/lib/thumb/v7e-m+fp/hard\libc_nano.a(libc_a-findfp.o)
 .text.__sfp_lock_acquire
                0x08007ad4        0xc C:/ST/STM32CubeIDE_1.15.0/STM32CubeIDE/plugins/com.st.stm32cube.ide.mcu.externaltools.gnu-tools-for-stm32.12.3.rel1.win32_1.0.100.202403111256/tools/bin/../lib/gcc/arm-none-eabi/12.3.1/../../../../arm-none-eabi/lib/thumb/v7e-m+fp/hard\libc_nano.a(libc_a-findfp.o)
                0x08007ad4                __sfp_lock_acquire
 .text.__sfp_lock_release
                0x08007ae0        0xc C:/ST/STM32CubeIDE_1.15.0/STM32CubeIDE/plugins/com.st.stm32cube.ide.mcu.externaltools.gnu-tools-for-stm32.12.3.rel1.win32_1.0.100.202403111256/tools/bin/../lib/gcc/arm-none-eabi/12.3.1/../../../../arm-none-eabi/lib/thumb/v7e-m+fp/hard\libc_nano.a(libc_a-findfp.o)
                0x08007ae0                __sfp_lock_release
 .text.__sinit  0x08007aec       0x30 C:/ST/STM32CubeIDE_1.15.0/STM32CubeIDE/plugins/com.st.stm32cube.ide.mcu.externaltools.gnu-tools-for-stm32.12.3.rel1.win32_1.0.100.202403111256/tools/bin/../lib/gcc/arm-none-eabi/12.3.1/../../../../arm-none-eabi/lib/thumb/v7e-m+fp/hard\libc_nano.a(libc_a-findfp.o)
                0x08007aec                __sinit
 .text._fwalk_sglue
                0x08007b1c       0x3c C:/ST/STM32CubeIDE_1.15.0/STM32CubeIDE/plugins/com.st.stm32cube.ide.mcu.externaltools.gnu-tools-for-stm32.12.3.rel1.win32_1.0.100.202403111256/tools/bin/../lib/gcc/arm-none-eabi/12.3.1/../../../../arm-none-eabi/lib/thumb/v7e-m+fp/hard\libc_nano.a(libc_a-fwalk.o)
                0x08007b1c                _fwalk_sglue
 .text.printf   0x08007b58       0x24 C:/ST/STM32CubeIDE_1.15.0/STM32CubeIDE/plugins/com.st.stm32cube.ide.mcu.externaltools.gnu-tools-for-stm32.12.3.rel1.win32_1.0.100.202403111256/tools/bin/../lib/gcc/arm-none-eabi/12.3.1/../../../../arm-none-eabi/lib/thumb/v7e-m+fp/hard\libc_nano.a(libc_a-printf.o)
                0x08007b58                iprintf
                0x08007b58                printf
 .text.snprintf
                0x08007b7c       0x68 C:/ST/STM32CubeIDE_1.15.0/STM32CubeIDE/plugins/com.st.stm32cube.ide.mcu.externaltools.gnu-tools-for-stm32.12.3.rel1.win32_1.0.100.202403111256/tools/bin/../lib/gcc/arm-none-eabi/12.3.1/../../../../arm-none-eabi/lib/thumb/v7e-m+fp/hard\libc_nano.a(libc_a-snprintf.o)
                0x08007b7c                sniprintf
                0x08007b7c                snprintf
 .text.__sread  0x08007be4       0x22 C:/ST/STM32CubeIDE_1.15.0/STM32CubeIDE/plugins/com.st.stm32cube.ide.mcu.externaltools.gnu-tools-for-stm32.12.3.rel1.win32_1.0.100.202403111256/tools/bin/../lib/gcc/arm-none-eabi/12.3.1/../../../../arm-none-eabi/lib/thumb/v7e-m+fp/hard\libc_nano.a(libc_a-stdio.o)
                0x08007be4                __sread
 .text.__swrite
                0x08007c06       0x38 C:/ST/STM32CubeIDE_1.15.0/STM32CubeIDE/plugins/com.st.stm32cube.ide.mcu.externaltools.gnu-tools-for-stm32.12.3.rel1.win32_1.0.100.202403111256/tools/bin/../lib/gcc/arm-none-eabi/12.3.1/../../../../arm-none-eabi/lib/thumb/v7e-m+fp/hard\libc_nano.a(libc_a-stdio.o)
                0x08007c06                __swrite
 .text.__sseek  0x08007c3e       0x24 C:/ST/STM32CubeIDE_1.15.0/STM32CubeIDE/plugins/com.st.stm32cube.ide.mcu.externaltools.gnu-tools-for-stm32.12.3.rel1.win32_1.0.100.202403111256/tools/bin/../lib/gcc/arm-none-eabi/12.3.1/../../../../arm-none-eabi/lib/thumb/v7e-m+fp/hard\libc_nano.a(libc_a-stdio.o)
                0x08007c3e                __sseek
 .text.__sclose
                0x08007c62        0x8 C:/ST/STM32CubeIDE_1.15.0/STM32CubeIDE/plugins/com.st.stm32cube.ide.mcu.externaltools.gnu-tools-for-stm32.12.3.rel1.win32_1.0.100.202403111256/tools/bin/../lib/gcc/arm-none-eabi/12.3.1/../../../../arm-none-eabi/lib/thumb/v7e-m+fp/hard\libc_nano.a(libc_a-stdio.o)
                0x08007c62                __sclose
 .text.memset   0x08007c6a       0x10 C:/ST/STM32CubeIDE_1.15.0/STM32CubeIDE/plugins/com.st.stm32cube.ide.mcu.externaltools.gnu-tools-for-stm32.12.3.rel1.win32_1.0.100.202403111256/tools/bin/../lib/gcc/arm-none-eabi/12.3.1/../../../../arm-none-eabi/lib/thumb/v7e-m+fp/hard\libc_nano.a(libc_a-memset.o)
                0x08007c6a                memset
 *fill*         0x08007c7a        0x2 
 .text._close_r
                0x08007c7c       0x20 C:/ST/STM32CubeIDE_1.15.0/STM32CubeIDE/plugins/com.st.stm32cube.ide.mcu.externaltools.gnu-tools-for-stm32.12.3.rel1.win32_1.0.100.202403111256/tools/bin/../lib/gcc/arm-none-eabi/12.3.1/../../../../arm-none-eabi/lib/thumb/v7e-m+fp/hard\libc_nano.a(libc_a-closer.o)
                0x08007c7c                _close_r
 .text._lseek_r
                0x08007c9c       0x24 C:/ST/STM32CubeIDE_1.15.0/STM32CubeIDE/plugins/com.st.stm32cube.ide.mcu.externaltools.gnu-tools-for-stm32.12.3.rel1.win32_1.0.100.202403111256/tools/bin/../lib/gcc/arm-none-eabi/12.3.1/../../../../arm-none-eabi/lib/thumb/v7e-m+fp/hard\libc_nano.a(libc_a-lseekr.o)
                0x08007c9c                _lseek_r
 .text._read_r  0x08007cc0       0x24 C:/ST/STM32CubeIDE_1.15.0/STM32CubeIDE/plugins/com.st.stm32cube.ide.mcu.externaltools.gnu-tools-for-stm32.12.3.rel1.win32_1.0.100.202403111256/tools/bin/../lib/gcc/arm-none-eabi/12.3.1/../../../../arm-none-eabi/lib/thumb/v7e-m+fp/hard\libc_nano.a(libc_a-readr.o)
                0x08007cc0                _read_r
 .text._write_r
                0x08007ce4       0x24 C:/ST/STM32CubeIDE_1.15.0/STM32CubeIDE/plugins/com.st.stm32cube.ide.mcu.externaltools.gnu-tools-for-stm32.12.3.rel1.win32_1.0.100.202403111256/tools/bin/../lib/gcc/arm-none-eabi/12.3.1/../../../../arm-none-eabi/lib/thumb/v7e-m+fp/hard\libc_nano.a(libc_a-writer.o)
                0x08007ce4                _write_r
 .text.__errno  0x08007d08        0xc C:/ST/STM32CubeIDE_1.15.0/STM32CubeIDE/plugins/com.st.stm32cube.ide.mcu.externaltools.gnu-tools-for-stm32.12.3.rel1.win32_1.0.100.202403111256/tools/bin/../lib/gcc/arm-none-eabi/12.3.1/../../../../arm-none-eabi/lib/thumb/v7e-m+fp/hard\libc_nano.a(libc_a-errno.o)
                0x08007d08                __errno
 .text.__libc_init_array
                0x08007d14       0x48 C:/ST/STM32CubeIDE_1.15.0/STM32CubeIDE/plugins/com.st.stm32cube.ide.mcu.externaltools.gnu-tools-for-stm32.12.3.rel1.win32_1.0.100.202403111256/tools/bin/../lib/gcc/arm-none-eabi/12.3.1/../../../../arm-none-eabi/lib/thumb/v7e-m+fp/hard\libc_nano.a(libc_a-init.o)
                0x08007d14                __libc_init_array
 .text.__retarget_lock_init_recursive
                0x08007d5c        0x2 C:/ST/STM32CubeIDE_1.15.0/STM32CubeIDE/plugins/com.st.stm32cube.ide.mcu.externaltools.gnu-tools-for-stm32.12.3.rel1.win32_1.0.100.202403111256/tools/bin/../lib/gcc/arm-none-eabi/12.3.1/../../../../arm-none-eabi/lib/thumb/v7e-m+fp/hard\libc_nano.a(libc_a-lock.o)
                0x08007d5c                __retarget_lock_init_recursive
 .text.__retarget_lock_acquire_recursive
                0x08007d5e        0x2 C:/ST/STM32CubeIDE_1.15.0/STM32CubeIDE/plugins/com.st.stm32cube.ide.mcu.externaltools.gnu-tools-for-stm32.12.3.rel1.win32_1.0.100.202403111256/tools/bin/../lib/gcc/arm-none-eabi/12.3.1/../../../../arm-none-eabi/lib/thumb/v7e-m+fp/hard\libc_nano.a(libc_a-lock.o)
                0x08007d5e                __retarget_lock_acquire_recursive
 .text.__retarget_lock_release_recursive
                0x08007d60        0x2 C:/ST/STM32CubeIDE_1.15.0/STM32CubeIDE/plugins/com.st.stm32cube.ide.mcu.externaltools.gnu-tools-for-stm32.12.3.rel1.win32_1.0.100.202403111256/tools/bin/../lib/gcc/arm-none-eabi/12.3.1/../../../../arm-none-eabi/lib/thumb/v7e-m+fp/hard\libc_nano.a(libc_a-lock.o)
                0x08007d60                __retarget_lock_release_recursive
 .text.memcpy   0x08007d62       0x1c C:/ST/STM32CubeIDE_1.15.0/STM32CubeIDE/plugins/com.st.stm32cube.ide.mcu.externaltools.gnu-tools-for-stm32.12.3.rel1.win32_1.0.100.202403111256/tools/bin/../lib/gcc/arm-none-eabi/12.3.1/../../../../arm-none-eabi/lib/thumb/v7e-m+fp/hard\libc_nano.a(libc_a-memcpy-stub.o)
                0x08007d62                memcpy
 *fill*         0x08007d7e        0x2 
 .text._free_r  0x08007d80       0x94 C:/ST/STM32CubeIDE_1.15.0/STM32CubeIDE/plugins/com.st.stm32cube.ide.mcu.externaltools.gnu-tools-for-stm32.12.3.rel1.win32_1.0.100.202403111256/tools/bin/../lib/gcc/arm-none-eabi/12.3.1/../../../../arm-none-eabi/lib/thumb/v7e-m+fp/hard\libc_nano.a(libc_a-freer.o)
                0x08007d80                _free_r
 .text.sbrk_aligned
                0x08007e14       0x44 C:/ST/STM32CubeIDE_1.15.0/STM32CubeIDE/plugins/com.st.stm32cube.ide.mcu.externaltools.gnu-tools-for-stm32.12.3.rel1.win32_1.0.100.202403111256/tools/bin/../lib/gcc/arm-none-eabi/12.3.1/../../../../arm-none-eabi/lib/thumb/v7e-m+fp/hard\libc_nano.a(libc_a-mallocr.o)
 .text._malloc_r
                0x08007e58      0x100 C:/ST/STM32CubeIDE_1.15.0/STM32CubeIDE/plugins/com.st.stm32cube.ide.mcu.externaltools.gnu-tools-for-stm32.12.3.rel1.win32_1.0.100.202403111256/tools/bin/../lib/gcc/arm-none-eabi/12.3.1/../../../../arm-none-eabi/lib/thumb/v7e-m+fp/hard\libc_nano.a(libc_a-mallocr.o)
                0x08007e58                _malloc_r
 .text.__malloc_lock
                0x08007f58        0xc C:/ST/STM32CubeIDE_1.15.0/STM32CubeIDE/plugins/com.st.stm32cube.ide.mcu.externaltools.gnu-tools-for-stm32.12.3.rel1.win32_1.0.100.202403111256/tools/bin/../lib/gcc/arm-none-eabi/12.3.1/../../../../arm-none-eabi/lib/thumb/v7e-m+fp/hard\libc_nano.a(libc_a-mlock.o)
                0x08007f58                __malloc_lock
 .text.__malloc_unlock
                0x08007f64        0xc C:/ST/STM32CubeIDE_1.15.0/STM32CubeIDE/plugins/com.st.stm32cube.ide.mcu.externaltools.gnu-tools-for-stm32.12.3.rel1.win32_1.0.100.202403111256/tools/bin/../lib/gcc/arm-none-eabi/12.3.1/../../../../arm-none-eabi/lib/thumb/v7e-m+fp/hard\libc_nano.a(libc_a-mlock.o)
                0x08007f64                __malloc_unlock
 .text.__ssputs_r
                0x08007f70       0xb6 C:/ST/STM32CubeIDE_1.15.0/STM32CubeIDE/plugins/com.st.stm32cube.ide.mcu.externaltools.gnu-tools-for-stm32.12.3.rel1.win32_1.0.100.202403111256/tools/bin/../lib/gcc/arm-none-eabi/12.3.1/../../../../arm-none-eabi/lib/thumb/v7e-m+fp/hard\libc_nano.a(libc_a-nano-svfprintf.o)
                0x08007f70                __ssputs_r
 *fill*         0x08008026        0x2 
 .text._svfprintf_r
                0x08008028      0x1f8 C:/ST/STM32CubeIDE_1.15.0/STM32CubeIDE/plugins/com.st.stm32cube.ide.mcu.externaltools.gnu-tools-for-stm32.12.3.rel1.win32_1.0.100.202403111256/tools/bin/../lib/gcc/arm-none-eabi/12.3.1/../../../../arm-none-eabi/lib/thumb/v7e-m+fp/hard\libc_nano.a(libc_a-nano-svfprintf.o)
                0x08008028                _svfiprintf_r
                0x08008028                _svfprintf_r
 .text.__sfputc_r
                0x08008220       0x2e C:/ST/STM32CubeIDE_1.15.0/STM32CubeIDE/plugins/com.st.stm32cube.ide.mcu.externaltools.gnu-tools-for-stm32.12.3.rel1.win32_1.0.100.202403111256/tools/bin/../lib/gcc/arm-none-eabi/12.3.1/../../../../arm-none-eabi/lib/thumb/v7e-m+fp/hard\libc_nano.a(libc_a-nano-vfprintf.o)
 .text.__sfputs_r
                0x0800824e       0x24 C:/ST/STM32CubeIDE_1.15.0/STM32CubeIDE/plugins/com.st.stm32cube.ide.mcu.externaltools.gnu-tools-for-stm32.12.3.rel1.win32_1.0.100.202403111256/tools/bin/../lib/gcc/arm-none-eabi/12.3.1/../../../../arm-none-eabi/lib/thumb/v7e-m+fp/hard\libc_nano.a(libc_a-nano-vfprintf.o)
                0x0800824e                __sfputs_r
 *fill*         0x08008272        0x2 
 .text._vfprintf_r
                0x08008274      0x230 C:/ST/STM32CubeIDE_1.15.0/STM32CubeIDE/plugins/com.st.stm32cube.ide.mcu.externaltools.gnu-tools-for-stm32.12.3.rel1.win32_1.0.100.202403111256/tools/bin/../lib/gcc/arm-none-eabi/12.3.1/../../../../arm-none-eabi/lib/thumb/v7e-m+fp/hard\libc_nano.a(libc_a-nano-vfprintf.o)
                0x08008274                _vfprintf_r
                0x08008274                _vfiprintf_r
 .text._printf_common
                0x080084a4       0xda C:/ST/STM32CubeIDE_1.15.0/STM32CubeIDE/plugins/com.st.stm32cube.ide.mcu.externaltools.gnu-tools-for-stm32.12.3.rel1.win32_1.0.100.202403111256/tools/bin/../lib/gcc/arm-none-eabi/12.3.1/../../../../arm-none-eabi/lib/thumb/v7e-m+fp/hard\libc_nano.a(libc_a-nano-vfprintf_i.o)
                0x080084a4                _printf_common
 *fill*         0x0800857e        0x2 
 .text._printf_i
                0x08008580      0x240 C:/ST/STM32CubeIDE_1.15.0/STM32CubeIDE/plugins/com.st.stm32cube.ide.mcu.externaltools.gnu-tools-for-stm32.12.3.rel1.win32_1.0.100.202403111256/tools/bin/../lib/gcc/arm-none-eabi/12.3.1/../../../../arm-none-eabi/lib/thumb/v7e-m+fp/hard\libc_nano.a(libc_a-nano-vfprintf_i.o)
                0x08008580                _printf_i
 .text.__sflush_r
                0x080087c0      0x108 C:/ST/STM32CubeIDE_1.15.0/STM32CubeIDE/plugins/com.st.stm32cube.ide.mcu.externaltools.gnu-tools-for-stm32.12.3.rel1.win32_1.0.100.202403111256/tools/bin/../lib/gcc/arm-none-eabi/12.3.1/../../../../arm-none-eabi/lib/thumb/v7e-m+fp/hard\libc_nano.a(libc_a-fflush.o)
                0x080087c0                __sflush_r
 .text._fflush_r
                0x080088c8       0x50 C:/ST/STM32CubeIDE_1.15.0/STM32CubeIDE/plugins/com.st.stm32cube.ide.mcu.externaltools.gnu-tools-for-stm32.12.3.rel1.win32_1.0.100.202403111256/tools/bin/../lib/gcc/arm-none-eabi/12.3.1/../../../../arm-none-eabi/lib/thumb/v7e-m+fp/hard\libc_nano.a(libc_a-fflush.o)
                0x080088c8                _fflush_r
 .text.__swbuf_r
                0x08008918       0x7c C:/ST/STM32CubeIDE_1.15.0/STM32CubeIDE/plugins/com.st.stm32cube.ide.mcu.externaltools.gnu-tools-for-stm32.12.3.rel1.win32_1.0.100.202403111256/tools/bin/../lib/gcc/arm-none-eabi/12.3.1/../../../../arm-none-eabi/lib/thumb/v7e-m+fp/hard\libc_nano.a(libc_a-wbuf.o)
                0x08008918                __swbuf_r
 .text.__swsetup_r
                0x08008994       0xac C:/ST/STM32CubeIDE_1.15.0/STM32CubeIDE/plugins/com.st.stm32cube.ide.mcu.externaltools.gnu-tools-for-stm32.12.3.rel1.win32_1.0.100.202403111256/tools/bin/../lib/gcc/arm-none-eabi/12.3.1/../../../../arm-none-eabi/lib/thumb/v7e-m+fp/hard\libc_nano.a(libc_a-wsetup.o)
                0x08008994                __swsetup_r
 .text.memmove  0x08008a40       0x34 C:/ST/STM32CubeIDE_1.15.0/STM32CubeIDE/plugins/com.st.stm32cube.ide.mcu.externaltools.gnu-tools-for-stm32.12.3.rel1.win32_1.0.100.202403111256/tools/bin/../lib/gcc/arm-none-eabi/12.3.1/../../../../arm-none-eabi/lib/thumb/v7e-m+fp/hard\libc_nano.a(libc_a-memmove.o)
                0x08008a40                memmove
 .text._sbrk_r  0x08008a74       0x20 C:/ST/STM32CubeIDE_1.15.0/STM32CubeIDE/plugins/com.st.stm32cube.ide.mcu.externaltools.gnu-tools-for-stm32.12.3.rel1.win32_1.0.100.202403111256/tools/bin/../lib/gcc/arm-none-eabi/12.3.1/../../../../arm-none-eabi/lib/thumb/v7e-m+fp/hard\libc_nano.a(libc_a-sbrkr.o)
                0x08008a74                _sbrk_r
 .text._realloc_r
                0x08008a94       0x5c C:/ST/STM32CubeIDE_1.15.0/STM32CubeIDE/plugins/com.st.stm32cube.ide.mcu.externaltools.gnu-tools-for-stm32.12.3.rel1.win32_1.0.100.202403111256/tools/bin/../lib/gcc/arm-none-eabi/12.3.1/../../../../arm-none-eabi/lib/thumb/v7e-m+fp/hard\libc_nano.a(libc_a-reallocr.o)
                0x08008a94                _realloc_r
 .text.__swhatbuf_r
                0x08008af0       0x4c C:/ST/STM32CubeIDE_1.15.0/STM32CubeIDE/plugins/com.st.stm32cube.ide.mcu.externaltools.gnu-tools-for-stm32.12.3.rel1.win32_1.0.100.202403111256/tools/bin/../lib/gcc/arm-none-eabi/12.3.1/../../../../arm-none-eabi/lib/thumb/v7e-m+fp/hard\libc_nano.a(libc_a-makebuf.o)
                0x08008af0                __swhatbuf_r
 .text.__smakebuf_r
                0x08008b3c       0x78 C:/ST/STM32CubeIDE_1.15.0/STM32CubeIDE/plugins/com.st.stm32cube.ide.mcu.externaltools.gnu-tools-for-stm32.12.3.rel1.win32_1.0.100.202403111256/tools/bin/../lib/gcc/arm-none-eabi/12.3.1/../../../../arm-none-eabi/lib/thumb/v7e-m+fp/hard\libc_nano.a(libc_a-makebuf.o)
                0x08008b3c                __smakebuf_r
 .text._fstat_r
                0x08008bb4       0x24 C:/ST/STM32CubeIDE_1.15.0/STM32CubeIDE/plugins/com.st.stm32cube.ide.mcu.externaltools.gnu-tools-for-stm32.12.3.rel1.win32_1.0.100.202403111256/tools/bin/../lib/gcc/arm-none-eabi/12.3.1/../../../../arm-none-eabi/lib/thumb/v7e-m+fp/hard\libc_nano.a(libc_a-fstatr.o)
                0x08008bb4                _fstat_r
 .text._isatty_r
                0x08008bd8       0x20 C:/ST/STM32CubeIDE_1.15.0/STM32CubeIDE/plugins/com.st.stm32cube.ide.mcu.externaltools.gnu-tools-for-stm32.12.3.rel1.win32_1.0.100.202403111256/tools/bin/../lib/gcc/arm-none-eabi/12.3.1/../../../../arm-none-eabi/lib/thumb/v7e-m+fp/hard\libc_nano.a(libc_a-isattyr.o)
                0x08008bd8                _isatty_r
 .text._malloc_usable_size_r
                0x08008bf8       0x10 C:/ST/STM32CubeIDE_1.15.0/STM32CubeIDE/plugins/com.st.stm32cube.ide.mcu.externaltools.gnu-tools-for-stm32.12.3.rel1.win32_1.0.100.202403111256/tools/bin/../lib/gcc/arm-none-eabi/12.3.1/../../../../arm-none-eabi/lib/thumb/v7e-m+fp/hard\libc_nano.a(libc_a-msizer.o)
                0x08008bf8                _malloc_usable_size_r
 *(.glue_7)
 .glue_7        0x08008c08        0x0 linker stubs
 *(.glue_7t)
 .glue_7t       0x08008c08        0x0 linker stubs
 *(.eh_frame)
 .eh_frame      0x08008c08        0x0 C:/ST/STM32CubeIDE_1.15.0/STM32CubeIDE/plugins/com.st.stm32cube.ide.mcu.externaltools.gnu-tools-for-stm32.12.3.rel1.win32_1.0.100.202403111256/tools/bin/../lib/gcc/arm-none-eabi/12.3.1/thumb/v7e-m+fp/hard/crtbegin.o
 *(.init)
 .init          0x08008c08        0x4 C:/ST/STM32CubeIDE_1.15.0/STM32CubeIDE/plugins/com.st.stm32cube.ide.mcu.externaltools.gnu-tools-for-stm32.12.3.rel1.win32_1.0.100.202403111256/tools/bin/../lib/gcc/arm-none-eabi/12.3.1/thumb/v7e-m+fp/hard/crti.o
                0x08008c08                _init
 .init          0x08008c0c        0x8 C:/ST/STM32CubeIDE_1.15.0/STM32CubeIDE/plugins/com.st.stm32cube.ide.mcu.externaltools.gnu-tools-for-stm32.12.3.rel1.win32_1.0.100.202403111256/tools/bin/../lib/gcc/arm-none-eabi/12.3.1/thumb/v7e-m+fp/hard/crtn.o
 *(.fini)
 .fini          0x08008c14        0x4 C:/ST/STM32CubeIDE_1.15.0/STM32CubeIDE/plugins/com.st.stm32cube.ide.mcu.externaltools.gnu-tools-for-stm32.12.3.rel1.win32_1.0.100.202403111256/tools/bin/../lib/gcc/arm-none-eabi/12.3.1/thumb/v7e-m+fp/hard/crti.o
                0x08008c14                _fini
 .fini          0x08008c18        0x8 C:/ST/STM32CubeIDE_1.15.0/STM32CubeIDE/plugins/com.st.stm32cube.ide.mcu.externaltools.gnu-tools-for-stm32.12.3.rel1.win32_1.0.100.202403111256/tools/bin/../lib/gcc/arm-none-eabi/12.3.1/thumb/v7e-m+fp/hard/crtn.o
                0x08008c20                        . = ALIGN (0x4)
                0x08008c20                        _etext = .

.vfp11_veneer   0x08008c20        0x0
 .vfp11_veneer  0x08008c20        0x0 linker stubs

.v4_bx          0x08008c20        0x0
 .v4_bx         0x08008c20        0x0 linker stubs

.iplt           0x08008c20        0x0
 .iplt          0x08008c20        0x0 C:/ST/STM32CubeIDE_1.15.0/STM32CubeIDE/plugins/com.st.stm32cube.ide.mcu.externaltools.gnu-tools-for-stm32.12.3.rel1.win32_1.0.100.202403111256/tools/bin/../lib/gcc/arm-none-eabi/12.3.1/thumb/v7e-m+fp/hard/crtbegin.o

.rodata         0x08008c20      0x24c
                0x08008c20                        . = ALIGN (0x4)
 *(.rodata)
 .rodata        0x08008c20      0x130 ./Core/Src/main.o
 .rodata        0x08008d50        0x5 ./Middlewares/Third_Party/FreeRTOS/Source/tasks.o
 *(.rodata*)
 *fill*         0x08008d55        0x3 
 .rodata.os_thread_def_id1
                0x08008d58       0x1c ./Core/Src/main.o
                0x08008d58                os_thread_def_id1
 .rodata.os_thread_def_id2
                0x08008d74       0x1c ./Core/Src/main.o
                0x08008d74                os_thread_def_id2
 .rodata.os_thread_def_id3
                0x08008d90       0x1c ./Core/Src/main.o
                0x08008d90                os_thread_def_id3
 .rodata.os_thread_def_id4
                0x08008dac       0x1c ./Core/Src/main.o
                0x08008dac                os_thread_def_id4
 .rodata.AHBPrescTable
                0x08008dc8       0x10 ./Core/Src/system_stm32l4xx.o
                0x08008dc8                AHBPrescTable
 .rodata.APBPrescTable
                0x08008dd8        0x8 ./Core/Src/system_stm32l4xx.o
                0x08008dd8                APBPrescTable
 .rodata.MSIRangeTable
                0x08008de0       0x30 ./Core/Src/system_stm32l4xx.o
                0x08008de0                MSIRangeTable
 .rodata.UARTPrescTable
                0x08008e10       0x18 ./Drivers/STM32L4xx_HAL_Driver/Src/stm32l4xx_hal_uart.o
                0x08008e10                UARTPrescTable
 .rodata.numerator.1
                0x08008e28        0x8 ./Drivers/STM32L4xx_HAL_Driver/Src/stm32l4xx_hal_uart_ex.o
 .rodata.denominator.0
                0x08008e30        0x8 ./Drivers/STM32L4xx_HAL_Driver/Src/stm32l4xx_hal_uart_ex.o
 .rodata._svfprintf_r.str1.1
                0x08008e38       0x11 C:/ST/STM32CubeIDE_1.15.0/STM32CubeIDE/plugins/com.st.stm32cube.ide.mcu.externaltools.gnu-tools-for-stm32.12.3.rel1.win32_1.0.100.202403111256/tools/bin/../lib/gcc/arm-none-eabi/12.3.1/../../../../arm-none-eabi/lib/thumb/v7e-m+fp/hard\libc_nano.a(libc_a-nano-svfprintf.o)
 .rodata._vfprintf_r.str1.1
                0x08008e49       0x11 C:/ST/STM32CubeIDE_1.15.0/STM32CubeIDE/plugins/com.st.stm32cube.ide.mcu.externaltools.gnu-tools-for-stm32.12.3.rel1.win32_1.0.100.202403111256/tools/bin/../lib/gcc/arm-none-eabi/12.3.1/../../../../arm-none-eabi/lib/thumb/v7e-m+fp/hard\libc_nano.a(libc_a-nano-vfprintf.o)
 .rodata._printf_i.str1.1
                0x08008e49       0x22 C:/ST/STM32CubeIDE_1.15.0/STM32CubeIDE/plugins/com.st.stm32cube.ide.mcu.externaltools.gnu-tools-for-stm32.12.3.rel1.win32_1.0.100.202403111256/tools/bin/../lib/gcc/arm-none-eabi/12.3.1/../../../../arm-none-eabi/lib/thumb/v7e-m+fp/hard\libc_nano.a(libc_a-nano-vfprintf_i.o)
                0x08008e6c                        . = ALIGN (0x4)
 *fill*         0x08008e6b        0x1 

.ARM.extab      0x08008e6c        0x0
                0x08008e6c                        . = ALIGN (0x4)
 *(.ARM.extab* .gnu.linkonce.armextab.*)
                0x08008e6c                        . = ALIGN (0x4)

.ARM            0x08008e6c        0x8
                0x08008e6c                        . = ALIGN (0x4)
                0x08008e6c                        __exidx_start = .
 *(.ARM.exidx*)
 .ARM.exidx     0x08008e6c        0x8 C:/ST/STM32CubeIDE_1.15.0/STM32CubeIDE/plugins/com.st.stm32cube.ide.mcu.externaltools.gnu-tools-for-stm32.12.3.rel1.win32_1.0.100.202403111256/tools/bin/../lib/gcc/arm-none-eabi/12.3.1/../../../../arm-none-eabi/lib/thumb/v7e-m+fp/hard\libc_nano.a(libc_a-memchr.o)
 .ARM.exidx     0x08008e74        0x0 C:/ST/STM32CubeIDE_1.15.0/STM32CubeIDE/plugins/com.st.stm32cube.ide.mcu.externaltools.gnu-tools-for-stm32.12.3.rel1.win32_1.0.100.202403111256/tools/bin/../lib/gcc/arm-none-eabi/12.3.1/thumb/v7e-m+fp/hard\libgcc.a(_udivmoddi4.o)
                                  0x8 (size before relaxing)
                0x08008e74                        __exidx_end = .
                0x08008e74                        . = ALIGN (0x4)

.rel.dyn        0x08008e74        0x0
 .rel.iplt      0x08008e74        0x0 C:/ST/STM32CubeIDE_1.15.0/STM32CubeIDE/plugins/com.st.stm32cube.ide.mcu.externaltools.gnu-tools-for-stm32.12.3.rel1.win32_1.0.100.202403111256/tools/bin/../lib/gcc/arm-none-eabi/12.3.1/thumb/v7e-m+fp/hard/crtbegin.o

.preinit_array  0x08008e74        0x0
                0x08008e74                        . = ALIGN (0x4)
                0x08008e74                        PROVIDE (__preinit_array_start = .)
 *(.preinit_array*)
                0x08008e74                        PROVIDE (__preinit_array_end = .)
                0x08008e74                        . = ALIGN (0x4)

.init_array     0x08008e74        0x4
                0x08008e74                        . = ALIGN (0x4)
                0x08008e74                        PROVIDE (__init_array_start = .)
 *(SORT_BY_NAME(.init_array.*))
 *(.init_array*)
 .init_array    0x08008e74        0x4 C:/ST/STM32CubeIDE_1.15.0/STM32CubeIDE/plugins/com.st.stm32cube.ide.mcu.externaltools.gnu-tools-for-stm32.12.3.rel1.win32_1.0.100.202403111256/tools/bin/../lib/gcc/arm-none-eabi/12.3.1/thumb/v7e-m+fp/hard/crtbegin.o
                0x08008e78                        PROVIDE (__init_array_end = .)
                0x08008e78                        . = ALIGN (0x4)

.fini_array     0x08008e78        0x4
                0x08008e78                        . = ALIGN (0x4)
                [!provide]                        PROVIDE (__fini_array_start = .)
 *(SORT_BY_NAME(.fini_array.*))
 *(.fini_array*)
 .fini_array    0x08008e78        0x4 C:/ST/STM32CubeIDE_1.15.0/STM32CubeIDE/plugins/com.st.stm32cube.ide.mcu.externaltools.gnu-tools-for-stm32.12.3.rel1.win32_1.0.100.202403111256/tools/bin/../lib/gcc/arm-none-eabi/12.3.1/thumb/v7e-m+fp/hard/crtbegin.o
                [!provide]                        PROVIDE (__fini_array_end = .)
                0x08008e7c                        . = ALIGN (0x4)
                0x08008e7c                        _sidata = LOADADDR (.data)

.data           0x20000000      0x1ac load address 0x08008e7c
                0x20000000                        . = ALIGN (0x4)
                0x20000000                        _sdata = .
 *(.data)
 *(.data*)
 .data.msg1     0x20000000       0x3c ./Core/Src/main.o
 .data.msg2     0x2000003c       0x20 ./Core/Src/main.o
 .data.msg3     0x2000005c       0x20 ./Core/Src/main.o
 .data.SystemCoreClock
                0x2000007c        0x4 ./Core/Src/system_stm32l4xx.o
                0x2000007c                SystemCoreClock
 .data.HTS221_H_Drv
                0x20000080        0xc ./Drivers/BSP/Components/hts221/hts221.o
                0x20000080                HTS221_H_Drv
 .data.HTS221_T_Drv
                0x2000008c       0x10 ./Drivers/BSP/Components/hts221/hts221.o
                0x2000008c                HTS221_T_Drv
 .data.Lis3mdlMagDrv
                0x2000009c       0x34 ./Drivers/BSP/Components/lis3mdl/lis3mdl.o
                0x2000009c                Lis3mdlMagDrv
 .data.LPS22HB_P_Drv
                0x200000d0        0xc ./Drivers/BSP/Components/lps22hb/lps22hb.o
                0x200000d0                LPS22HB_P_Drv
 .data.Lsm6dslAccDrv
                0x200000dc       0x34 ./Drivers/BSP/Components/lsm6dsl/lsm6dsl.o
                0x200000dc                Lsm6dslAccDrv
 .data.Lsm6dslGyroDrv
                0x20000110       0x34 ./Drivers/BSP/Components/lsm6dsl/lsm6dsl.o
                0x20000110                Lsm6dslGyroDrv
 .data.uwTickPrio
                0x20000144        0x4 ./Drivers/STM32L4xx_HAL_Driver/Src/stm32l4xx_hal.o
                0x20000144                uwTickPrio
 .data.uwTickFreq
                0x20000148        0x1 ./Drivers/STM32L4xx_HAL_Driver/Src/stm32l4xx_hal.o
                0x20000148                uwTickFreq
 *fill*         0x20000149        0x3 
 .data.uxCriticalNesting
                0x2000014c        0x4 ./Middlewares/Third_Party/FreeRTOS/Source/portable/GCC/ARM_CM4F/port.o
 .data.__sglue  0x20000150        0xc C:/ST/STM32CubeIDE_1.15.0/STM32CubeIDE/plugins/com.st.stm32cube.ide.mcu.externaltools.gnu-tools-for-stm32.12.3.rel1.win32_1.0.100.202403111256/tools/bin/../lib/gcc/arm-none-eabi/12.3.1/../../../../arm-none-eabi/lib/thumb/v7e-m+fp/hard\libc_nano.a(libc_a-findfp.o)
                0x20000150                __sglue
 .data._impure_ptr
                0x2000015c        0x4 C:/ST/STM32CubeIDE_1.15.0/STM32CubeIDE/plugins/com.st.stm32cube.ide.mcu.externaltools.gnu-tools-for-stm32.12.3.rel1.win32_1.0.100.202403111256/tools/bin/../lib/gcc/arm-none-eabi/12.3.1/../../../../arm-none-eabi/lib/thumb/v7e-m+fp/hard\libc_nano.a(libc_a-impure.o)
                0x2000015c                _impure_ptr
 .data._impure_data
                0x20000160       0x4c C:/ST/STM32CubeIDE_1.15.0/STM32CubeIDE/plugins/com.st.stm32cube.ide.mcu.externaltools.gnu-tools-for-stm32.12.3.rel1.win32_1.0.100.202403111256/tools/bin/../lib/gcc/arm-none-eabi/12.3.1/../../../../arm-none-eabi/lib/thumb/v7e-m+fp/hard\libc_nano.a(libc_a-impure.o)
                0x20000160                _impure_data
 *(.RamFunc)
 *(.RamFunc*)
                0x200001ac                        . = ALIGN (0x4)
                0x200001ac                        _edata = .

.igot.plt       0x200001ac        0x0 load address 0x08009028
 .igot.plt      0x200001ac        0x0 C:/ST/STM32CubeIDE_1.15.0/STM32CubeIDE/plugins/com.st.stm32cube.ide.mcu.externaltools.gnu-tools-for-stm32.12.3.rel1.win32_1.0.100.202403111256/tools/bin/../lib/gcc/arm-none-eabi/12.3.1/thumb/v7e-m+fp/hard/crtbegin.o
                0x200001ac                        . = ALIGN (0x4)

.bss            0x200001ac     0x12e0 load address 0x08009028
                0x200001ac                        _sbss = .
                0x200001ac                        __bss_start__ = _sbss
 *(.bss)
 .bss           0x200001ac       0x1c C:/ST/STM32CubeIDE_1.15.0/STM32CubeIDE/plugins/com.st.stm32cube.ide.mcu.externaltools.gnu-tools-for-stm32.12.3.rel1.win32_1.0.100.202403111256/tools/bin/../lib/gcc/arm-none-eabi/12.3.1/thumb/v7e-m+fp/hard/crtbegin.o
 *(.bss*)
 .bss.xIdleTaskTCBBuffer
                0x200001c8       0x54 ./Core/Src/freertos.o
 .bss.xIdleStack
                0x2000021c      0x200 ./Core/Src/freertos.o
 .bss.hi2c1     0x2000041c       0x54 ./Core/Src/main.o
                0x2000041c                hi2c1
 .bss.huart1    0x20000470       0x94 ./Core/Src/main.o
                0x20000470                huart1
 .bss.not_Pressed
                0x20000504        0x1 ./Core/Src/main.o
 .bss.Sensor_Change_Cooldown
                0x20000505        0x1 ./Core/Src/main.o
 .bss.current_mode
                0x20000506        0x1 ./Core/Src/main.o
 .bss.running_mode
                0x20000507        0x1 ./Core/Src/main.o
 .bss.temp_buff
                0x20000508        0x4 ./Core/Src/main.o
                0x20000508                temp_buff
 .bss.hum_buff  0x2000050c        0x4 ./Core/Src/main.o
                0x2000050c                hum_buff
 .bss.pressure_buff
                0x20000510        0x4 ./Core/Src/main.o
                0x20000510                pressure_buff
 .bss.pAcceloData
                0x20000514        0x6 ./Core/Src/main.o
 *fill*         0x2000051a        0x2 
 .bss.pMagData  0x2000051c        0x6 ./Core/Src/main.o
 *fill*         0x20000522        0x2 
 .bss.pGyroData
                0x20000524        0xc ./Core/Src/main.o
                0x20000524                pGyroData
 .bss.str_buff  0x20000530       0x32 ./Core/Src/main.o
 *fill*         0x20000562        0x2 
 .bss.id1_handle
                0x20000564        0x4 ./Core/Src/main.o
                0x20000564                id1_handle
 .bss.id2_handle
                0x20000568        0x4 ./Core/Src/main.o
                0x20000568                id2_handle
 .bss.id3_handle
                0x2000056c        0x4 ./Core/Src/main.o
                0x2000056c                id3_handle
 .bss.id4_handle
                0x20000570        0x4 ./Core/Src/main.o
                0x20000570                id4_handle
 .bss.htim6     0x20000574       0x4c ./Core/Src/stm32l4xx_hal_timebase_tim.o
                0x20000574                htim6
 .bss.__sbrk_heap_end
                0x200005c0        0x4 ./Core/Src/sysmem.o
 .bss.hI2cHandler
                0x200005c4       0x54 ./Drivers/BSP/B-L4S5I-IOT01/stm32l4s5i_iot01.o
                0x200005c4                hI2cHandler
 .bss.AccelerometerDrv
                0x20000618        0x4 ./Drivers/BSP/B-L4S5I-IOT01/stm32l4s5i_iot01_accelero.o
 .bss.GyroscopeDrv
                0x2000061c        0x4 ./Drivers/BSP/B-L4S5I-IOT01/stm32l4s5i_iot01_gyro.o
 .bss.Hsensor_drv
                0x20000620        0x4 ./Drivers/BSP/B-L4S5I-IOT01/stm32l4s5i_iot01_hsensor.o
 .bss.MagnetoDrv
                0x20000624        0x4 ./Drivers/BSP/B-L4S5I-IOT01/stm32l4s5i_iot01_magneto.o
 .bss.Psensor_drv
                0x20000628        0x4 ./Drivers/BSP/B-L4S5I-IOT01/stm32l4s5i_iot01_psensor.o
 .bss.tsensor_drv
                0x2000062c        0x4 ./Drivers/BSP/B-L4S5I-IOT01/stm32l4s5i_iot01_tsensor.o
 .bss.uwTick    0x20000630        0x4 ./Drivers/STM32L4xx_HAL_Driver/Src/stm32l4xx_hal.o
                0x20000630                uwTick
 .bss.pxCurrentTCB
                0x20000634        0x4 ./Middlewares/Third_Party/FreeRTOS/Source/tasks.o
                0x20000634                pxCurrentTCB
 .bss.pxReadyTasksLists
                0x20000638       0x8c ./Middlewares/Third_Party/FreeRTOS/Source/tasks.o
 .bss.xDelayedTaskList1
                0x200006c4       0x14 ./Middlewares/Third_Party/FreeRTOS/Source/tasks.o
 .bss.xDelayedTaskList2
                0x200006d8       0x14 ./Middlewares/Third_Party/FreeRTOS/Source/tasks.o
 .bss.pxDelayedTaskList
                0x200006ec        0x4 ./Middlewares/Third_Party/FreeRTOS/Source/tasks.o
 .bss.pxOverflowDelayedTaskList
                0x200006f0        0x4 ./Middlewares/Third_Party/FreeRTOS/Source/tasks.o
 .bss.xPendingReadyList
                0x200006f4       0x14 ./Middlewares/Third_Party/FreeRTOS/Source/tasks.o
 .bss.xTasksWaitingTermination
                0x20000708       0x14 ./Middlewares/Third_Party/FreeRTOS/Source/tasks.o
 .bss.uxDeletedTasksWaitingCleanUp
                0x2000071c        0x4 ./Middlewares/Third_Party/FreeRTOS/Source/tasks.o
 .bss.xSuspendedTaskList
                0x20000720       0x14 ./Middlewares/Third_Party/FreeRTOS/Source/tasks.o
 .bss.uxCurrentNumberOfTasks
                0x20000734        0x4 ./Middlewares/Third_Party/FreeRTOS/Source/tasks.o
 .bss.xTickCount
                0x20000738        0x4 ./Middlewares/Third_Party/FreeRTOS/Source/tasks.o
 .bss.uxTopReadyPriority
                0x2000073c        0x4 ./Middlewares/Third_Party/FreeRTOS/Source/tasks.o
 .bss.xSchedulerRunning
                0x20000740        0x4 ./Middlewares/Third_Party/FreeRTOS/Source/tasks.o
 .bss.xPendedTicks
                0x20000744        0x4 ./Middlewares/Third_Party/FreeRTOS/Source/tasks.o
 .bss.xYieldPending
                0x20000748        0x4 ./Middlewares/Third_Party/FreeRTOS/Source/tasks.o
 .bss.xNumOfOverflows
                0x2000074c        0x4 ./Middlewares/Third_Party/FreeRTOS/Source/tasks.o
 .bss.uxTaskNumber
                0x20000750        0x4 ./Middlewares/Third_Party/FreeRTOS/Source/tasks.o
 .bss.xNextTaskUnblockTime
                0x20000754        0x4 ./Middlewares/Third_Party/FreeRTOS/Source/tasks.o
 .bss.xIdleTaskHandle
                0x20000758        0x4 ./Middlewares/Third_Party/FreeRTOS/Source/tasks.o
 .bss.uxSchedulerSuspended
                0x2000075c        0x4 ./Middlewares/Third_Party/FreeRTOS/Source/tasks.o
 .bss.ucMaxSysCallPriority
                0x20000760        0x1 ./Middlewares/Third_Party/FreeRTOS/Source/portable/GCC/ARM_CM4F/port.o
 *fill*         0x20000761        0x3 
 .bss.ulMaxPRIGROUPValue
                0x20000764        0x4 ./Middlewares/Third_Party/FreeRTOS/Source/portable/GCC/ARM_CM4F/port.o
 .bss.ucHeap    0x20000768      0xbb8 ./Middlewares/Third_Party/FreeRTOS/Source/portable/MemMang/heap_4.o
 .bss.xStart    0x20001320        0x8 ./Middlewares/Third_Party/FreeRTOS/Source/portable/MemMang/heap_4.o
 .bss.pxEnd     0x20001328        0x4 ./Middlewares/Third_Party/FreeRTOS/Source/portable/MemMang/heap_4.o
 .bss.xFreeBytesRemaining
                0x2000132c        0x4 ./Middlewares/Third_Party/FreeRTOS/Source/portable/MemMang/heap_4.o
 .bss.xMinimumEverFreeBytesRemaining
                0x20001330        0x4 ./Middlewares/Third_Party/FreeRTOS/Source/portable/MemMang/heap_4.o
 .bss.xNumberOfSuccessfulAllocations
                0x20001334        0x4 ./Middlewares/Third_Party/FreeRTOS/Source/portable/MemMang/heap_4.o
 .bss.xNumberOfSuccessfulFrees
                0x20001338        0x4 ./Middlewares/Third_Party/FreeRTOS/Source/portable/MemMang/heap_4.o
 .bss.xBlockAllocatedBit
                0x2000133c        0x4 ./Middlewares/Third_Party/FreeRTOS/Source/portable/MemMang/heap_4.o
 .bss.__sf      0x20001340      0x138 C:/ST/STM32CubeIDE_1.15.0/STM32CubeIDE/plugins/com.st.stm32cube.ide.mcu.externaltools.gnu-tools-for-stm32.12.3.rel1.win32_1.0.100.202403111256/tools/bin/../lib/gcc/arm-none-eabi/12.3.1/../../../../arm-none-eabi/lib/thumb/v7e-m+fp/hard\libc_nano.a(libc_a-findfp.o)
                0x20001340                __sf
 .bss.__stdio_exit_handler
                0x20001478        0x4 C:/ST/STM32CubeIDE_1.15.0/STM32CubeIDE/plugins/com.st.stm32cube.ide.mcu.externaltools.gnu-tools-for-stm32.12.3.rel1.win32_1.0.100.202403111256/tools/bin/../lib/gcc/arm-none-eabi/12.3.1/../../../../arm-none-eabi/lib/thumb/v7e-m+fp/hard\libc_nano.a(libc_a-findfp.o)
                0x20001478                __stdio_exit_handler
 .bss.errno     0x2000147c        0x4 C:/ST/STM32CubeIDE_1.15.0/STM32CubeIDE/plugins/com.st.stm32cube.ide.mcu.externaltools.gnu-tools-for-stm32.12.3.rel1.win32_1.0.100.202403111256/tools/bin/../lib/gcc/arm-none-eabi/12.3.1/../../../../arm-none-eabi/lib/thumb/v7e-m+fp/hard\libc_nano.a(libc_a-reent.o)
                0x2000147c                errno
 .bss.__lock___malloc_recursive_mutex
                0x20001480        0x1 C:/ST/STM32CubeIDE_1.15.0/STM32CubeIDE/plugins/com.st.stm32cube.ide.mcu.externaltools.gnu-tools-for-stm32.12.3.rel1.win32_1.0.100.202403111256/tools/bin/../lib/gcc/arm-none-eabi/12.3.1/../../../../arm-none-eabi/lib/thumb/v7e-m+fp/hard\libc_nano.a(libc_a-lock.o)
                0x20001480                __lock___malloc_recursive_mutex
 .bss.__lock___sfp_recursive_mutex
                0x20001481        0x1 C:/ST/STM32CubeIDE_1.15.0/STM32CubeIDE/plugins/com.st.stm32cube.ide.mcu.externaltools.gnu-tools-for-stm32.12.3.rel1.win32_1.0.100.202403111256/tools/bin/../lib/gcc/arm-none-eabi/12.3.1/../../../../arm-none-eabi/lib/thumb/v7e-m+fp/hard\libc_nano.a(libc_a-lock.o)
                0x20001481                __lock___sfp_recursive_mutex
 *fill*         0x20001482        0x2 
 .bss.__malloc_sbrk_start
                0x20001484        0x4 C:/ST/STM32CubeIDE_1.15.0/STM32CubeIDE/plugins/com.st.stm32cube.ide.mcu.externaltools.gnu-tools-for-stm32.12.3.rel1.win32_1.0.100.202403111256/tools/bin/../lib/gcc/arm-none-eabi/12.3.1/../../../../arm-none-eabi/lib/thumb/v7e-m+fp/hard\libc_nano.a(libc_a-mallocr.o)
                0x20001484                __malloc_sbrk_start
 .bss.__malloc_free_list
                0x20001488        0x4 C:/ST/STM32CubeIDE_1.15.0/STM32CubeIDE/plugins/com.st.stm32cube.ide.mcu.externaltools.gnu-tools-for-stm32.12.3.rel1.win32_1.0.100.202403111256/tools/bin/../lib/gcc/arm-none-eabi/12.3.1/../../../../arm-none-eabi/lib/thumb/v7e-m+fp/hard\libc_nano.a(libc_a-mallocr.o)
                0x20001488                __malloc_free_list
 *(COMMON)
                0x2000148c                        . = ALIGN (0x4)
                0x2000148c                        _ebss = .
                0x2000148c                        __bss_end__ = _ebss

._user_heap_stack
                0x2000148c      0x604 load address 0x08009028
                0x20001490                        . = ALIGN (0x8)
 *fill*         0x2000148c        0x4 
                [!provide]                        PROVIDE (end = .)
                0x20001490                        PROVIDE (_end = .)
                0x20001690                        . = (. + _Min_Heap_Size)
 *fill*         0x20001490      0x200 
                0x20001a90                        . = (. + _Min_Stack_Size)
 *fill*         0x20001690      0x400 
                0x20001a90                        . = ALIGN (0x8)

/DISCARD/
 libc.a(*)
 libm.a(*)
 libgcc.a(*)

.ARM.attributes
                0x00000000       0x30
 *(.ARM.attributes)
 .ARM.attributes
                0x00000000       0x22 C:/ST/STM32CubeIDE_1.15.0/STM32CubeIDE/plugins/com.st.stm32cube.ide.mcu.externaltools.gnu-tools-for-stm32.12.3.rel1.win32_1.0.100.202403111256/tools/bin/../lib/gcc/arm-none-eabi/12.3.1/thumb/v7e-m+fp/hard/crti.o
 .ARM.attributes
                0x00000022       0x34 C:/ST/STM32CubeIDE_1.15.0/STM32CubeIDE/plugins/com.st.stm32cube.ide.mcu.externaltools.gnu-tools-for-stm32.12.3.rel1.win32_1.0.100.202403111256/tools/bin/../lib/gcc/arm-none-eabi/12.3.1/thumb/v7e-m+fp/hard/crtbegin.o
 .ARM.attributes
                0x00000056       0x34 ./Core/Src/freertos.o
 .ARM.attributes
                0x0000008a       0x34 ./Core/Src/main.o
 .ARM.attributes
                0x000000be       0x34 ./Core/Src/stm32l4xx_hal_msp.o
 .ARM.attributes
                0x000000f2       0x34 ./Core/Src/stm32l4xx_hal_timebase_tim.o
 .ARM.attributes
                0x00000126       0x34 ./Core/Src/stm32l4xx_it.o
 .ARM.attributes
                0x0000015a       0x34 ./Core/Src/syscalls.o
 .ARM.attributes
                0x0000018e       0x34 ./Core/Src/sysmem.o
 .ARM.attributes
                0x000001c2       0x34 ./Core/Src/system_stm32l4xx.o
 .ARM.attributes
                0x000001f6       0x21 ./Core/Startup/startup_stm32l4s5vitx.o
 .ARM.attributes
                0x00000217       0x34 ./Drivers/BSP/B-L4S5I-IOT01/stm32l4s5i_iot01.o
 .ARM.attributes
                0x0000024b       0x34 ./Drivers/BSP/B-L4S5I-IOT01/stm32l4s5i_iot01_accelero.o
 .ARM.attributes
                0x0000027f       0x34 ./Drivers/BSP/B-L4S5I-IOT01/stm32l4s5i_iot01_gyro.o
 .ARM.attributes
                0x000002b3       0x34 ./Drivers/BSP/B-L4S5I-IOT01/stm32l4s5i_iot01_hsensor.o
 .ARM.attributes
                0x000002e7       0x34 ./Drivers/BSP/B-L4S5I-IOT01/stm32l4s5i_iot01_magneto.o
 .ARM.attributes
                0x0000031b       0x34 ./Drivers/BSP/B-L4S5I-IOT01/stm32l4s5i_iot01_psensor.o
 .ARM.attributes
                0x0000034f       0x34 ./Drivers/BSP/B-L4S5I-IOT01/stm32l4s5i_iot01_tsensor.o
 .ARM.attributes
                0x00000383       0x34 ./Drivers/BSP/Components/hts221/hts221.o
 .ARM.attributes
                0x000003b7       0x34 ./Drivers/BSP/Components/lis3mdl/lis3mdl.o
 .ARM.attributes
                0x000003eb       0x34 ./Drivers/BSP/Components/lps22hb/lps22hb.o
 .ARM.attributes
                0x0000041f       0x34 ./Drivers/BSP/Components/lsm6dsl/lsm6dsl.o
 .ARM.attributes
                0x00000453       0x34 ./Drivers/STM32L4xx_HAL_Driver/Src/stm32l4xx_hal.o
 .ARM.attributes
                0x00000487       0x34 ./Drivers/STM32L4xx_HAL_Driver/Src/stm32l4xx_hal_cortex.o
 .ARM.attributes
                0x000004bb       0x34 ./Drivers/STM32L4xx_HAL_Driver/Src/stm32l4xx_hal_gpio.o
 .ARM.attributes
                0x000004ef       0x34 ./Drivers/STM32L4xx_HAL_Driver/Src/stm32l4xx_hal_i2c.o
 .ARM.attributes
                0x00000523       0x34 ./Drivers/STM32L4xx_HAL_Driver/Src/stm32l4xx_hal_i2c_ex.o
 .ARM.attributes
                0x00000557       0x34 ./Drivers/STM32L4xx_HAL_Driver/Src/stm32l4xx_hal_pwr_ex.o
 .ARM.attributes
                0x0000058b       0x34 ./Drivers/STM32L4xx_HAL_Driver/Src/stm32l4xx_hal_rcc.o
 .ARM.attributes
                0x000005bf       0x34 ./Drivers/STM32L4xx_HAL_Driver/Src/stm32l4xx_hal_rcc_ex.o
 .ARM.attributes
                0x000005f3       0x34 ./Drivers/STM32L4xx_HAL_Driver/Src/stm32l4xx_hal_tim.o
 .ARM.attributes
                0x00000627       0x34 ./Drivers/STM32L4xx_HAL_Driver/Src/stm32l4xx_hal_tim_ex.o
 .ARM.attributes
                0x0000065b       0x34 ./Drivers/STM32L4xx_HAL_Driver/Src/stm32l4xx_hal_uart.o
 .ARM.attributes
                0x0000068f       0x34 ./Drivers/STM32L4xx_HAL_Driver/Src/stm32l4xx_hal_uart_ex.o
 .ARM.attributes
                0x000006c3       0x34 ./Middlewares/Third_Party/FreeRTOS/Source/CMSIS_RTOS/cmsis_os.o
 .ARM.attributes
                0x000006f7       0x34 ./Middlewares/Third_Party/FreeRTOS/Source/list.o
 .ARM.attributes
                0x0000072b       0x34 ./Middlewares/Third_Party/FreeRTOS/Source/tasks.o
 .ARM.attributes
                0x0000075f       0x34 ./Middlewares/Third_Party/FreeRTOS/Source/portable/GCC/ARM_CM4F/port.o
 .ARM.attributes
                0x00000793       0x34 ./Middlewares/Third_Party/FreeRTOS/Source/portable/MemMang/heap_4.o
 .ARM.attributes
                0x000007c7       0x34 C:/ST/STM32CubeIDE_1.15.0/STM32CubeIDE/plugins/com.st.stm32cube.ide.mcu.externaltools.gnu-tools-for-stm32.12.3.rel1.win32_1.0.100.202403111256/tools/bin/../lib/gcc/arm-none-eabi/12.3.1/../../../../arm-none-eabi/lib/thumb/v7e-m+fp/hard\libc_nano.a(libc_a-findfp.o)
 .ARM.attributes
                0x000007fb       0x34 C:/ST/STM32CubeIDE_1.15.0/STM32CubeIDE/plugins/com.st.stm32cube.ide.mcu.externaltools.gnu-tools-for-stm32.12.3.rel1.win32_1.0.100.202403111256/tools/bin/../lib/gcc/arm-none-eabi/12.3.1/../../../../arm-none-eabi/lib/thumb/v7e-m+fp/hard\libc_nano.a(libc_a-fwalk.o)
 .ARM.attributes
                0x0000082f       0x34 C:/ST/STM32CubeIDE_1.15.0/STM32CubeIDE/plugins/com.st.stm32cube.ide.mcu.externaltools.gnu-tools-for-stm32.12.3.rel1.win32_1.0.100.202403111256/tools/bin/../lib/gcc/arm-none-eabi/12.3.1/../../../../arm-none-eabi/lib/thumb/v7e-m+fp/hard\libc_nano.a(libc_a-printf.o)
 .ARM.attributes
                0x00000863       0x34 C:/ST/STM32CubeIDE_1.15.0/STM32CubeIDE/plugins/com.st.stm32cube.ide.mcu.externaltools.gnu-tools-for-stm32.12.3.rel1.win32_1.0.100.202403111256/tools/bin/../lib/gcc/arm-none-eabi/12.3.1/../../../../arm-none-eabi/lib/thumb/v7e-m+fp/hard\libc_nano.a(libc_a-snprintf.o)
 .ARM.attributes
                0x00000897       0x34 C:/ST/STM32CubeIDE_1.15.0/STM32CubeIDE/plugins/com.st.stm32cube.ide.mcu.externaltools.gnu-tools-for-stm32.12.3.rel1.win32_1.0.100.202403111256/tools/bin/../lib/gcc/arm-none-eabi/12.3.1/../../../../arm-none-eabi/lib/thumb/v7e-m+fp/hard\libc_nano.a(libc_a-stdio.o)
 .ARM.attributes
                0x000008cb       0x34 C:/ST/STM32CubeIDE_1.15.0/STM32CubeIDE/plugins/com.st.stm32cube.ide.mcu.externaltools.gnu-tools-for-stm32.12.3.rel1.win32_1.0.100.202403111256/tools/bin/../lib/gcc/arm-none-eabi/12.3.1/../../../../arm-none-eabi/lib/thumb/v7e-m+fp/hard\libc_nano.a(libc_a-memset.o)
 .ARM.attributes
                0x000008ff       0x34 C:/ST/STM32CubeIDE_1.15.0/STM32CubeIDE/plugins/com.st.stm32cube.ide.mcu.externaltools.gnu-tools-for-stm32.12.3.rel1.win32_1.0.100.202403111256/tools/bin/../lib/gcc/arm-none-eabi/12.3.1/../../../../arm-none-eabi/lib/thumb/v7e-m+fp/hard\libc_nano.a(libc_a-closer.o)
 .ARM.attributes
                0x00000933       0x34 C:/ST/STM32CubeIDE_1.15.0/STM32CubeIDE/plugins/com.st.stm32cube.ide.mcu.externaltools.gnu-tools-for-stm32.12.3.rel1.win32_1.0.100.202403111256/tools/bin/../lib/gcc/arm-none-eabi/12.3.1/../../../../arm-none-eabi/lib/thumb/v7e-m+fp/hard\libc_nano.a(libc_a-reent.o)
 .ARM.attributes
                0x00000967       0x34 C:/ST/STM32CubeIDE_1.15.0/STM32CubeIDE/plugins/com.st.stm32cube.ide.mcu.externaltools.gnu-tools-for-stm32.12.3.rel1.win32_1.0.100.202403111256/tools/bin/../lib/gcc/arm-none-eabi/12.3.1/../../../../arm-none-eabi/lib/thumb/v7e-m+fp/hard\libc_nano.a(libc_a-impure.o)
 .ARM.attributes
                0x0000099b       0x34 C:/ST/STM32CubeIDE_1.15.0/STM32CubeIDE/plugins/com.st.stm32cube.ide.mcu.externaltools.gnu-tools-for-stm32.12.3.rel1.win32_1.0.100.202403111256/tools/bin/../lib/gcc/arm-none-eabi/12.3.1/../../../../arm-none-eabi/lib/thumb/v7e-m+fp/hard\libc_nano.a(libc_a-lseekr.o)
 .ARM.attributes
                0x000009cf       0x34 C:/ST/STM32CubeIDE_1.15.0/STM32CubeIDE/plugins/com.st.stm32cube.ide.mcu.externaltools.gnu-tools-for-stm32.12.3.rel1.win32_1.0.100.202403111256/tools/bin/../lib/gcc/arm-none-eabi/12.3.1/../../../../arm-none-eabi/lib/thumb/v7e-m+fp/hard\libc_nano.a(libc_a-readr.o)
 .ARM.attributes
                0x00000a03       0x34 C:/ST/STM32CubeIDE_1.15.0/STM32CubeIDE/plugins/com.st.stm32cube.ide.mcu.externaltools.gnu-tools-for-stm32.12.3.rel1.win32_1.0.100.202403111256/tools/bin/../lib/gcc/arm-none-eabi/12.3.1/../../../../arm-none-eabi/lib/thumb/v7e-m+fp/hard\libc_nano.a(libc_a-writer.o)
 .ARM.attributes