../Core/Src/main.c:77:13:ADC_Select_VREFINT	32	static
../Core/Src/main.c:91:13:ADC_Select_TEMP	32	static
../Core/Src/main.c:104:7:get_ADC_readings	40	static
../Core/Src/main.c:134:6:wait_push	8	static
../Core/Src/main.c:147:6:wait_release	8	static
../Core/Src/main.c:160:5:main	8	static
../Core/Src/main.c:209:6:SystemClock_Config	96	static
../Core/Src/main.c:260:13:MX_ADC1_Init	32	static
../Core/Src/main.c:318:13:MX_USART2_UART_Init	8	static
../Core/Src/main.c:366:13:MX_GPIO_Init	40	static
../Core/Src/main.c:404:6:Error_Handler	4	static,ignoring_inline_asm
