../Core/Src/main.c:86:1:__io_putchar	16	static
../Core/Src/main.c:93:6:HAL_UARTEx_RxEventCallback	24	static
../Core/Src/main.c:108:6:HAL_GPIO_EXTI_Callback	16	static
../Core/Src/main.c:135:5:main	8	static
../Core/Src/main.c:223:6:SystemClock_Config	96	static
../Core/Src/main.c:274:13:MX_I2C1_Init	8	static
../Core/Src/main.c:322:13:MX_USART1_UART_Init	8	static
../Core/Src/main.c:368:13:MX_DMA_Init	16	static
../Core/Src/main.c:390:13:MX_GPIO_Init	40	static
../Core/Src/main.c:433:6:Error_Handler	4	static,ignoring_inline_asm
